Component: ARM Compiler 5.05 update 1 (build 106) Tool: armlink [4d0efa]

==============================================================================

Section Cross References

    startup_stm32f407xx.o(RESET) refers to startup_stm32f407xx.o(STACK) for __initial_sp
    startup_stm32f407xx.o(RESET) refers to startup_stm32f407xx.o(.text) for Reset_Handler
    startup_stm32f407xx.o(RESET) refers to stm32f4xx_it.o(i.NMI_Handler) for NMI_Handler
    startup_stm32f407xx.o(RESET) refers to stm32f4xx_it.o(i.HardFault_Handler) for HardFault_Handler
    startup_stm32f407xx.o(RESET) refers to stm32f4xx_it.o(i.MemManage_Handler) for MemManage_Handler
    startup_stm32f407xx.o(RESET) refers to stm32f4xx_it.o(i.BusFault_Handler) for BusFault_Handler
    startup_stm32f407xx.o(RESET) refers to stm32f4xx_it.o(i.UsageFault_Handler) for UsageFault_Handler
    startup_stm32f407xx.o(RESET) refers to port.o(.emb_text) for SVC_Handler
    startup_stm32f407xx.o(RESET) refers to stm32f4xx_it.o(i.DebugMon_Handler) for DebugMon_Handler
    startup_stm32f407xx.o(RESET) refers to port.o(i.SysTick_Handler) for SysTick_Handler
    startup_stm32f407xx.o(RESET) refers to stm32f4xx_it.o(i.DMA1_Stream1_IRQHandler) for DMA1_Stream1_IRQHandler
    startup_stm32f407xx.o(RESET) refers to stm32f4xx_it.o(i.DMA1_Stream3_IRQHandler) for DMA1_Stream3_IRQHandler
    startup_stm32f407xx.o(RESET) refers to stm32f4xx_it.o(i.CAN1_TX_IRQHandler) for CAN1_TX_IRQHandler
    startup_stm32f407xx.o(RESET) refers to stm32f4xx_it.o(i.CAN1_RX0_IRQHandler) for CAN1_RX0_IRQHandler
    startup_stm32f407xx.o(RESET) refers to stm32f4xx_it.o(i.TIM1_BRK_TIM9_IRQHandler) for TIM1_BRK_TIM9_IRQHandler
    startup_stm32f407xx.o(RESET) refers to stm32f4xx_it.o(i.TIM1_UP_TIM10_IRQHandler) for TIM1_UP_TIM10_IRQHandler
    startup_stm32f407xx.o(RESET) refers to stm32f4xx_it.o(i.USART1_IRQHandler) for USART1_IRQHandler
    startup_stm32f407xx.o(RESET) refers to stm32f4xx_it.o(i.USART2_IRQHandler) for USART2_IRQHandler
    startup_stm32f407xx.o(RESET) refers to stm32f4xx_it.o(i.USART3_IRQHandler) for USART3_IRQHandler
    startup_stm32f407xx.o(RESET) refers to stm32f4xx_it.o(i.TIM8_TRG_COM_TIM14_IRQHandler) for TIM8_TRG_COM_TIM14_IRQHandler
    startup_stm32f407xx.o(RESET) refers to stm32f4xx_it.o(i.UART4_IRQHandler) for UART4_IRQHandler
    startup_stm32f407xx.o(RESET) refers to stm32f4xx_it.o(i.TIM6_DAC_IRQHandler) for TIM6_DAC_IRQHandler
    startup_stm32f407xx.o(RESET) refers to stm32f4xx_it.o(i.DMA2_Stream2_IRQHandler) for DMA2_Stream2_IRQHandler
    startup_stm32f407xx.o(RESET) refers to stm32f4xx_it.o(i.CAN2_TX_IRQHandler) for CAN2_TX_IRQHandler
    startup_stm32f407xx.o(RESET) refers to stm32f4xx_it.o(i.CAN2_RX0_IRQHandler) for CAN2_RX0_IRQHandler
    startup_stm32f407xx.o(RESET) refers to stm32f4xx_it.o(i.OTG_FS_IRQHandler) for OTG_FS_IRQHandler
    startup_stm32f407xx.o(RESET) refers to stm32f4xx_it.o(i.USART6_IRQHandler) for USART6_IRQHandler
    startup_stm32f407xx.o(.text) refers to system_stm32f4xx.o(i.SystemInit) for SystemInit
    startup_stm32f407xx.o(.text) refers to entry.o(.ARM.Collect$$$$00000000) for __main
    message.o(i.DownControl) refers to can.o(i.GetDirAngle_Shoot) for GetDirAngle_Shoot
    message.o(i.DownControl) refers to can.o(i.CAN2_Transmit) for CAN2_Transmit
    message.o(i.DownControl) refers to message.o(.data) for dir_angle
    message.o(i.DownControl) refers to vision.o(.data) for vData_x_speed
    message.o(i.DownControl2) refers to judge_rx.o(i.JUDGE_u16GetRemainEnergy) for JUDGE_u16GetRemainEnergy
    message.o(i.DownControl2) refers to judge_rx.o(i.JUDGE_u16GetRemoteHeat17) for JUDGE_u16GetRemoteHeat17
    message.o(i.DownControl2) refers to judge_rx.o(i.JUDGE_f32GetChassisPower) for JUDGE_f32GetChassisPower
    message.o(i.DownControl2) refers to judge_rx.o(i.JUDGE_u8GetRobotId) for JUDGE_u8GetRobotId
    message.o(i.DownControl2) refers to judge_rx.o(i.JUDGE_u8game_progress) for JUDGE_u8game_progress
    message.o(i.DownControl2) refers to message.o(i.change_bit) for change_bit
    message.o(i.DownControl2) refers to judge_rx.o(i.JUDGE_u16bullet_remaining_num_17mm) for JUDGE_u16bullet_remaining_num_17mm
    message.o(i.DownControl2) refers to can.o(i.CAN2_Transmit) for CAN2_Transmit
    message.o(i.DownControl2) refers to message.o(.data) for remain_energy
    message.o(i.DownControl2) refers to vision.o(.bss) for vData
    message.o(i.Msg_ChassisDataProcess) refers to imu_hi.o(i.get_eular_chassis) for get_eular_chassis
    message.o(i.Msg_ChassisDataProcess) refers to motor.o(i.CircleContinue) for CircleContinue
    message.o(i.Msg_ChassisDataProcess) refers to imu_hi.o(i.get_raw_gyo_chassis) for get_raw_gyo_chassis
    message.o(i.Msg_ChassisDataProcess) refers to message.o(.bss) for eular
    message.o(i.Msg_ChassisDataProcess) refers to message.o(.data) for mc_imu_yaw_chassis
    message.o(i.Msg_HolderDataProcess) refers to message.o(.data) for gyro
[...]
    Yaw_Delta_Max                            0x20000104   Data           4  holder.o(.data)
    Yaw_Delta_Min                            0x20000108   Data           4  holder.o(.data)
    gain_f                                   0x2000010c   Data           4  holder.o(.data)
    vision_pitch                             0x20000110   Data           4  holder.o(.data)
    vision_yaw                               0x20000114   Data           4  holder.o(.data)
    vision_z                                 0x20000118   Data           4  holder.o(.data)
    ff1                                      0x2000011c   Data           4  holder.o(.data)
    ff2                                      0x20000120   Data           4  holder.o(.data)
    Holder_Cruise_Angle                      0x20000124   Data           4  holder.o(.data)
    Holder_Armor                             0x20000128   Data           8  holder.o(.data)
    v_imu_yaw                                0x20000130   Data           8  holder.o(.data)
    gimbal_vision_yaw_tar_anger              0x20000138   Data           4  holder.o(.data)
    gimbal_vision_pitch_tar_anger            0x2000013c   Data           4  holder.o(.data)
    vision_yaw_navigate                      0x20000140   Data           4  holder.o(.data)
    Shoot_heat                               0x2000014c   Data           2  shoot.o(.data)
    shoot_rate                               0x2000014e   Data           2  shoot.o(.data)
    shoot_freq                               0x20000150   Data           2  shoot.o(.data)
    Shoot_cool                               0x20000152   Data           1  shoot.o(.data)
    Shoot_single                             0x20000153   Data           1  shoot.o(.data)
    Shoot_Speed_kp                           0x20000154   Data           4  shoot.o(.data)
    Shoot_Speed_ki                           0x20000158   Data           4  shoot.o(.data)
    Shoot_Speed_kd                           0x2000015c   Data           4  shoot.o(.data)
    Shoot_Speed_kf                           0x20000160   Data           4  shoot.o(.data)
    Shoot_Angle_kp                           0x20000164   Data           4  shoot.o(.data)
    Shoot_Angle_ki                           0x20000168   Data           4  shoot.o(.data)
    Shoot_Angle_kd                           0x2000016c   Data           4  shoot.o(.data)
    Shoot_Angle_kf                           0x20000170   Data           4  shoot.o(.data)
    Shoot_3508_Speed_kp                      0x20000174   Data           4  shoot.o(.data)
    Shoot_3508_Speed_ki                      0x20000178   Data           4  shoot.o(.data)
    Shoot_3508_Speed_kd                      0x2000017c   Data           4  shoot.o(.data)
    Shoot_3508_Speed_kf                      0x20000180   Data           4  shoot.o(.data)
    Shoot_Speed_Max_M3508_Lim15              0x20000184   Data           2  shoot.o(.data)
    Shoot_Speed_Max_M3508_Lim18              0x20000186   Data           2  shoot.o(.data)
    Shoot_Speed_Max_M3508_Lim22              0x20000188   Data           2  shoot.o(.data)
    Shoot_Speed_Max_M3508_Lim30              0x2000018a   Data           2  shoot.o(.data)
    shoot_kp_limit                           0x2000018c   Data           4  shoot.o(.data)
    shoot_ki_limit                           0x20000190   Data           4  shoot.o(.data)
    shoot_pidlim                             0x20000194   Data           4  shoot.o(.data)
    Shoot_Freq_out_Limit                     0x20000198   Data           4  shoot.o(.data)
    shoot_2006_output_limit                  0x2000019c   Data           4  shoot.o(.data)
    one_angle                                0x200001a0   Data           4  shoot.o(.data)
    shoot_heat_cnt                           0x200001a4   Data           4  shoot.o(.data)
    shoot_cal_heat                           0x200001a8   Data           4  shoot.o(.data)
    sbszh                                    0x200001ac   Data           2  shoot.o(.data)
    speed_limit                              0x200001ae   Data           2  shoot.o(.data)
    shoot_m3508_speed_now                    0x200001b0   Data           4  shoot.o(.data)
    spining_flag                             0x200001b8   Data           1  vision.o(.data)
    game_state                               0x200001b9   Data           1  vision.o(.data)
    shoot_state                              0x200001ba   Data           1  vision.o(.data)
    PI1                                      0x200001bc   Data           4  vision.o(.data)
    GAIN_tran                                0x200001c0   Data           4  vision.o(.data)
    GAIN_spin                                0x200001c4   Data           4  vision.o(.data)
    Pitch_IMU_Angle                          0x200001c8   Data           4  vision.o(.data)
    Vision_Pitch_IMU_Angle                   0x200001cc   Data           4  vision.o(.data)
    Yaw_IMU_Angle                            0x200001d0   Data           4  vision.o(.data)
    Vision_Yaw_IMU_Angle                     0x200001d4   Data           4  vision.o(.data)
    Robot_ID                                 0x200001d8   Data           1  vision.o(.data)
    Chassis_IMU_Angle                        0x200001dc   Data           4  vision.o(.data)
    Sentry_HP                                0x200001e0   Data           2  vision.o(.data)
    Remaining_Time                           0x200001e2   Data           2  vision.o(.data)
    Remaining_Bullet                         0x200001e4   Data           2  vision.o(.data)
    Available_Exchange_Bullet                0x200001e6   Data           2  vision.o(.data)
    Exchanged_Bullet                         0x200001e8   Data           2  vision.o(.data)
    Total_Exchange_Bullet                    0x200001ea   Data           2  vision.o(.data)
    Departure_Time                           0x200001ec   Data           2  vision.o(.data)
    Remaining_Spread_Time                    0x200001ee   Data           2  vision.o(.data)
    Available_Departurn_Time                 0x200001f0   Data           2  vision.o(.data)
    Outpost_HP                               0x200001f2   Data           2  vision.o(.data)
    Enemy_Outpost_HP                         0x200001f4   Data           2  vision.o(.data)
    Hurt_ID                                  0x200001f6   Data           1  vision.o(.data)
    IntakeArea_ID                            0x200001f7   Data           1  vision.o(.data)
    PatrolArea_ID                            0x200001f8   Data           1  vision.o(.data)
    vData_x                                  0x200001fc   Data           4  vision.o(.data)
    vData_y                                  0x20000200   Data           4  vision.o(.data)
    vData_z                                  0x20000204   Data           4  vision.o(.data)
    vData_x_speed                            0x20000208   Data           4  vision.o(.data)
    vData_y_speed                            0x2000020c   Data           4  vision.o(.data)
    vData_yaw_speed                          0x20000210   Data           4  vision.o(.data)
    vision_protection                        0x20000214   Data           2  vision.o(.data)
    vision_constant                          0x20000216   Data           8  vision.o(.data)
    v_circle_yaw                             0x20000220   Data           8  vision.o(.data)
    vision_yaw_angle                         0x20000228   Data           4  vision.o(.data)
    Holder_Command_ID                        0x2000022c   Data           1  vision.o(.data)
    test_mode                                0x2000022d   Data           1  vision.o(.data)
    current_yaw                              0x20000230   Data           4  vision.o(.data)
    last_yaw                                 0x20000234   Data           4  vision.o(.data)
    ababa                                    0x20000238   Data           1  vision.o(.data)
    err_cnt                                  0x2000023c   Data           4  vision.o(.data)
    err_record                               0x20000240   Data           4  vision.o(.data)
    keyboard_cnt                             0x20000244   Data           2  vision.o(.data)
    keyboard_flag                            0x20000246   Data           1  vision.o(.data)
    judge_lid_state                          0x20000248   Data           1  judge.o(.data)
    judge_spin_state                         0x20000249   Data           1  judge.o(.data)
    judge_vision_state                       0x2000024a   Data           1  judge.o(.data)
    shoot_cnt                                0x2000024c   Data           2  judge.o(.data)
    shoot_buybullet_flag                     0x2000024e   Data           2  judge.o(.data)
    cnt                                      0x20000250   Data           4  judge.o(.data)
    sentry_cmd_test                          0x20000254   Data           4  judge.o(.data)
    DMA_value                                0x20000258   Data           1  judge_tx.o(.data)
    CRC_INIT                                 0x2000025e   Data           2  protcol.o(.data)
    MSGHandle                                0x20000260   Data           4  freertos.o(.data)
    _ShootHandle                             0x20000264   Data           4  freertos.o(.data)
    _HolderMotorHandle                       0x20000268   Data           4  freertos.o(.data)
    _Chassis_MotorHandle                     0x2000026c   Data           4  freertos.o(.data)
    _UIHandle                                0x20000270   Data           4  freertos.o(.data)
    _JudgeHandle                             0x20000274   Data           4  freertos.o(.data)
    _LEDHandle                               0x20000278   Data           4  freertos.o(.data)
    _BMI088Handle                            0x2000027c   Data           4  freertos.o(.data)
    RDtHMsgHandle                            0x20000280   Data           4  freertos.o(.data)
    RDtCMsgHandle                            0x20000284   Data           4  freertos.o(.data)
    RDtSMsgHandle                            0x20000288   Data           4  freertos.o(.data)
    GBtHMsgHandle                            0x2000028c   Data           4  freertos.o(.data)
    temprature                               0x20000290   Data           4  freertos.o(.data)
    RDMsg_test                               0x20000294   Data           4  freertos.o(.data)
    GBMsg_test                               0x20000298   Data           4  freertos.o(.data)
    energy_timely                            0x2000029c   Data           4  freertos.o(.data)
    tar_angle                                0x200002a0   Data           4  freertos.o(.data)
    cur_angle                                0x200002a4   Data           4  freertos.o(.data)
    Judge_power                              0x200002a8   Data           4  freertos.o(.data)
    num                                      0x200002ac   Data           4  freertos.o(.data)
    dir_angle_shoot                          0x200002b0   Data           4  can.o(.data)
    dir_angle_camera                         0x200002b4   Data           4  can.o(.data)
    bias_angle_shoot                         0x200002b8   Data           4  can.o(.data)
    bias_angle_camera                        0x200002bc   Data           4  can.o(.data)
    dev_imu_pitch                            0x200002c0   Data           4  can.o(.data)
    can1_value                               0x200002c4   Data           1  can.o(.data)
    can2_value                               0x200002c5   Data           1  can.o(.data)
    can_state                                0x200002c8   Data           4  can.o(.data)
    Yaw                                      0x200002cc   Data           4  can.o(.data)
    Pitch                                    0x200002d0   Data           4  can.o(.data)
    watch_sup                                0x200002d8   Data           2  can.o(.data)
    watch_speed                              0x200002da   Data           2  can.o(.data)
    watch_current                            0x200002dc   Data           2  can.o(.data)
    flag                                     0x200002de   Data           1  tim.o(.data)
    shoot_flag                               0x200002df   Data           1  tim.o(.data)
    hh1                                      0x200002e0   Data           2  tim.o(.data)
    hh2                                      0x200002e2   Data           2  tim.o(.data)
    hflag                                    0x200002e4   Data           2  tim.o(.data)
    uart_tmp                                 0x200002e6   Data           1  usart.o(.data)
    uart3_dma_flag                           0x200002e7   Data           1  usart.o(.data)
    uart3_idle_flag                          0x200002e8   Data           1  usart.o(.data)
    x                                        0x200002e9   Data           2  usart.o(.data)
    cmdf                                     0x200002eb   Data           2  usart.o(.data)
    cmdr                                     0x200002ed   Data           2  usart.o(.data)
    FS_Desc                                  0x200002f0   Data          28  usbd_desc.o(.data)
    USBD_FS_DeviceDesc                       0x2000030c   Data          18  usbd_desc.o(.data)
    USBD_LangIDDesc                          0x20000320   Data           4  usbd_desc.o(.data)
    USBD_StringSerial                        0x20000324   Data          26  usbd_desc.o(.data)
    USB_Receive_Lenth                        0x20000340   Data           2  usbd_cdc_if.o(.data)
    USBD_Interface_fops_FS                   0x20000344   Data          20  usbd_cdc_if.o(.data)
    SystemCoreClock                          0x20000358   Data           4  system_stm32f4xx.o(.data)
    uwTickFreq                               0x2000035c   Data           1  stm32f4xx_hal.o(.data)
    uwTickPrio                               0x20000360   Data           4  stm32f4xx_hal.o(.data)
    uwTick                                   0x20000364   Data           4  stm32f4xx_hal.o(.data)
    pxCurrentTCB                             0x20000368   Data           4  tasks.o(.data)
    USBD_CDC                                 0x20000428   Data          56  usbd_cdc.o(.data)
    BMI088_ACCEL_SEN                         0x20000460   Data           4  bmi088driver_1.o(.data)
    BMI088_GYRO_SEN                          0x20000464   Data           4  bmi088driver_1.o(.data)
    gNormDiff                                0x2000046c   Data           4  bmi088driver_1.o(.data)
    caliOffset                               0x20000470   Data           1  bmi088driver_1.o(.data)
    caliCount                                0x20000472   Data           2  bmi088driver_1.o(.data)
    BMI088_SPI                               0x200004a8   Data           4  bmi088middleware_1.o(.data)
    SysTime                                  0x200004b0   Data           8  bsp_dwt_1.o(.data)
    CYCCNT64                                 0x200004d0   Data           8  bsp_dwt_1.o(.data)
    mc_imu_yaw                               0x200004f0   Data           8  ins_task.o(.data)
    mc_imu_pitch                             0x200004f8   Data           8  ins_task.o(.data)
    yaw_angle                                0x20000500   Data           4  ins_task.o(.data)
    pitch_angle                              0x20000504   Data           4  ins_task.o(.data)
    INS_DWT_Count                            0x20000508   Data           4  ins_task.o(.data)
    ins_debug_mode                           0x20000514   Data           1  ins_task.o(.data)
    RefTemp                                  0x20000518   Data           4  ins_task.o(.data)
    sizeof_float                             0x2000054c   Data           2  kalman_filter.o(.data)
    sizeof_double                            0x2000054e   Data           2  kalman_filter.o(.data)
    IMU_QuaternionEKF_P                      0x20000550   Data         144  quaternionekf.o(.data)
    __microlib_freelist                      0x20000624   Data           4  mvars.o(.data)
    __microlib_freelist_initialised          0x20000628   Data           4  mvars.o(.data)
    eular                                    0x20000630   Data          12  message.o(.bss)
    Remote_Data                              0x2000063c   Data          52  message.o(.bss)
    Holder                                   0x20000670   Data        1140  holder.o(.bss)
    Shoot_M2006                              0x20000ae4   Data         244  shoot.o(.bss)
    Shoot_M3508                              0x20000bd8   Data         488  shoot.o(.bss)
    vData                                    0x20000dd0   Data         232  vision.o(.bss)
    ChassisSpeed                             0x20000eb8   Data          12  vision.o(.bss)
    judge_rxmsg                              0x200011c0   Data         141  judge_rx.o(.bss)
    StrTmp                                   0x2000124d   Data          30  judge_tx.o(.bss)
    ext_client_graphic_drawseven             0x2000126b   Data         111  judge_tx.o(.bss)
    judge_txmsg                              0x200012da   Data          51  judge_tx.o(.bss)
    sentry_control_txmsg                     0x2000130d   Data          10  judge_tx.o(.bss)
    evt                                      0x20001318   Data          12  freertos.o(.bss)
    evt0                                     0x20001324   Data          12  freertos.o(.bss)
    evt1                                     0x20001330   Data          12  freertos.o(.bss)
    angle_test                               0x20001590   Data          12  freertos.o(.bss)
    gyro_test                                0x2000159c   Data          12  freertos.o(.bss)
    CAMsg_test                               0x200015a8   Data          20  freertos.o(.bss)
    hcan1                                    0x200015bc   Data          40  can.o(.bss)
    hcan2                                    0x200015e4   Data          40  can.o(.bss)
    CAN1TxMsg                                0x2000160c   Data          24  can.o(.bss)
    CAN2TxMsg                                0x20001624   Data          24  can.o(.bss)
    hiwdg                                    0x2000163c   Data          12  iwdg.o(.bss)
    hspi1                                    0x20001648   Data          88  spi.o(.bss)
    Observer                                 0x200016a0   Data          56  tim.o(.bss)
    htim1                                    0x200016d8   Data          72  tim.o(.bss)
    htim9                                    0x20001720   Data          72  tim.o(.bss)
    htim10                                   0x20001768   Data          72  tim.o(.bss)
    htim14                                   0x200017b0   Data          72  tim.o(.bss)
    uart1_buf                                0x200017f8   Data          18  usart.o(.bss)
    uart3_m0_buf                             0x2000180a   Data        1024  usart.o(.bss)
    uart3_m1_buf                             0x20001c0a   Data        1024  usart.o(.bss)
    uart3_tx_buf                             0x2000200a   Data         120  usart.o(.bss)
    uart6_rx_buf                             0x20002082   Data         200  usart.o(.bss)
    huart4                                   0x2000214c   Data          68  usart.o(.bss)
    huart1                                   0x20002190   Data          68  usart.o(.bss)
    huart2                                   0x200021d4   Data          68  usart.o(.bss)
    huart3                                   0x20002218   Data          68  usart.o(.bss)
    huart6                                   0x2000225c   Data          68  usart.o(.bss)
    hdma_usart1_rx                           0x200022a0   Data          96  usart.o(.bss)
    hdma_usart3_rx                           0x20002300   Data          96  usart.o(.bss)
    hdma_usart3_tx                           0x20002360   Data          96  usart.o(.bss)
    hUsbDeviceFS                             0x200023c0   Data         732  usb_device.o(.bss)
    hpcd_USB_OTG_FS                          0x2000269c   Data        1292  usbd_conf.o(.bss)
    USBD_StrDesc                             0x20002dc8   Data         512  usbd_desc.o(.bss)
    USB_Receive_Buffer                       0x20002fc8   Data         200  usbd_cdc_if.o(.bss)
    UserRxBufferFS                           0x20003090   Data        2048  usbd_cdc_if.o(.bss)
    UserTxBufferFS                           0x20003890   Data        2048  usbd_cdc_if.o(.bss)
    htim6                                    0x20004090   Data          72  stm32f4xx_hal_timebase_tim.o(.bss)
    gyroDiff                                 0x20008430   Data          12  bmi088driver_1.o(.bss)
    BMI088                                   0x200084b4   Data          52  bmi088driver_1.o(.bss)
    INS                                      0x200084e8   Data         128  ins_task.o(.bss)
    IMU_Param                                0x20008568   Data          28  ins_task.o(.bss)
    QEKF_INS                                 0x20008588   Data         480  quaternionekf.o(.bss)
    IMU_QuaternionEKF_K                      0x20008768   Data          72  quaternionekf.o(.bss)
    IMU_QuaternionEKF_H                      0x200087b0   Data          72  quaternionekf.o(.bss)
    __heap_base                              0x200087f8   Data           0  startup_stm32f407xx.o(HEAP)
    __heap_limit                             0x2000a7f8   Data           0  startup_stm32f407xx.o(HEAP)
    __initial_sp                             0x2000c7f8   Data           0  startup_stm32f407xx.o(STACK)



==============================================================================

Memory Map of the image

  Image Entry point : 0x08000189

  Load Region LR_IROM1 (Base: 0x08000000, Size: 0x000123cc, Max: 0x00100000, ABSOLUTE, COMPRESSED[0x00011f98])

    Execution Region ER_IROM1 (Base: 0x08000000, Size: 0x00011d9c, Max: 0x00100000, ABSOLUTE)

    Base Addr    Size         Type   Attr      Idx    E Section Name        Object

    0x08000000   0x00000188   Data   RO            3    RESET               startup_stm32f407xx.o
    0x08000188   0x00000000   Code   RO         9219  * .ARM.Collect$$$$00000000  mc_w.l(entry.o)
    0x08000188   0x00000004   Code   RO         9580    .ARM.Collect$$$$00000001  mc_w.l(entry2.o)
    0x0800018c   0x00000004   Code   RO         9583    .ARM.Collect$$$$00000004  mc_w.l(entry5.o)
    0x08000190   0x00000000   Code   RO         9585    .ARM.Collect$$$$00000008  mc_w.l(entry7b.o)
    0x08000190   0x00000000   Code   RO         9587    .ARM.Collect$$$$0000000A  mc_w.l(entry8b.o)
    0x08000190   0x00000008   Code   RO         9588    .ARM.Collect$$$$0000000B  mc_w.l(entry9a.o)
    0x08000198   0x00000000   Code   RO         9590    .ARM.Collect$$$$0000000D  mc_w.l(entry10a.o)
    0x08000198   0x00000000   Code   RO         9592    .ARM.Collect$$$$0000000F  mc_w.l(entry11a.o)
    0x08000198   0x00000004   Code   RO         9581    .ARM.Collect$$$$00002712  mc_w.l(entry2.o)
    0x0800019c   0x000000be   Code   RO         7929    .emb_text           port.o
    0x0800025a   0x00000002   PAD
    0x0800025c   0x00000024   Code   RO            4    .text               startup_stm32f407xx.o
    0x08000280   0x00000062   Code   RO         9222    .text               mc_w.l(uldiv.o)
    0x080002e2   0x00000024   Code   RO         9224    .text               mc_w.l(memcpya.o)
    0x08000306   0x00000024   Code   RO         9228    .text               mc_w.l(memseta.o)
    0x0800032a   0x000000b0   Code   RO         9521    .text               mf_w.l(fadd.o)
    0x080003da   0x00000064   Code   RO         9523    .text               mf_w.l(fmul.o)
    0x0800043e   0x0000007c   Code   RO         9525    .text               mf_w.l(fdiv.o)
    0x080004ba   0x0000014e   Code   RO         9527    .text               mf_w.l(dadd.o)
    0x08000608   0x000000e4   Code   RO         9529    .text               mf_w.l(dmul.o)
    0x080006ec   0x0000001c   Code   RO         9535    .text               mf_w.l(fcmple.o)
    0x08000708   0x0000001c   Code   RO         9537    .text               mf_w.l(fcmplt.o)
    0x08000724   0x0000001c   Code   RO         9539    .text               mf_w.l(fcmpgt.o)
    0x08000740   0x0000001c   Code   RO         9541    .text               mf_w.l(fcmpeq.o)
    0x0800075c   0x00000022   Code   RO         9547    .text               mf_w.l(dflti.o)
    0x0800077e   0x0000003e   Code   RO         9555    .text               mf_w.l(dfixi.o)
    0x080007bc   0x0000001e   Code   RO         9597    .text               mc_w.l(llshl.o)
    0x080007da   0x00000020   Code   RO         9599    .text               mc_w.l(llushr.o)
    0x080007fa   0x00000024   Code   RO         9601    .text               mc_w.l(llsshr.o)
    0x0800081e   0x00000000   Code   RO         9612    .text               mc_w.l(iusefp.o)
    0x0800081e   0x0000006e   Code   RO         9613    .text               mf_w.l(fepilogue.o)
    0x0800088c   0x000000ba   Code   RO         9615    .text               mf_w.l(depilogue.o)
    0x08000946   0x00000002   PAD
    0x08000948   0x00000024   Code   RO         9627    .text               mc_w.l(init.o)
    0x0800096c   0x00000056   Code   RO         9637    .text               mc_w.l(__dczerorl2.o)
    0x080009c2   0x00000002   PAD
    0x080009c4   0x00000094   Code   RO         8968    .text.arm_mat_add_f32  arm_cortexM4l_math.lib(arm_mat_add_f32.o)
    0x08000a58   0x00000008   Code   RO         8978    .text.arm_mat_init_f32  arm_cortexM4l_math.lib(arm_mat_init_f32.o)
    0x08000a60   0x000002dc   Code   RO         8987    .text.arm_mat_inverse_f32  arm_cortexM4l_math.lib(arm_mat_inverse_f32.o)
    0x08000d3c   0x00000178   Code   RO         8997    .text.arm_mat_mult_f32  arm_cortexM4l_math.lib(arm_mat_mult_f32.o)
    0x08000eb4   0x00000094   Code   RO         9007    .text.arm_mat_sub_f32  arm_cortexM4l_math.lib(arm_mat_sub_f32.o)
    0x08000f48   0x000000b2   Code   RO         9017    .text.arm_mat_trans_f32  arm_cortexM4l_math.lib(arm_mat_trans_f32.o)
    0x08000ffa   0x00000012   Code   RO         1819    i.BMI088Task        freertos.o
    0x0800100c   0x00000014   Code   RO         8531    i.BMI088_ACCEL_NS_H  bmi088middleware_1.o
    0x08001020   0x00000014   Code   RO         8532    i.BMI088_ACCEL_NS_L  bmi088middleware_1.o
    0x08001034   0x00000014   Code   RO         8533    i.BMI088_GYRO_NS_H  bmi088middleware_1.o
    0x08001048   0x00000014   Code   RO         8534    i.BMI088_GYRO_NS_L  bmi088middleware_1.o
    0x0800105c   0x0000027c   Code   RO         8436    i.BMI088_Read       bmi088driver_1.o
    0x080012d8   0x000000e0   Code   RO         8437    i.BMI088_init       bmi088driver_1.o
    0x080013b8   0x00000026   Code   RO         8438    i.BMI088_read_muli_reg  bmi088driver_1.o
    0x080013de   0x00000018   Code   RO         8439    i.BMI088_read_single_reg  bmi088driver_1.o
    0x080013f6   0x00000002   PAD
    0x080013f8   0x00000024   Code   RO         8535    i.BMI088_read_write_byte  bmi088middleware_1.o
    0x0800141c   0x00000014   Code   RO         8440    i.BMI088_write_single_reg  bmi088driver_1.o
    0x08001430   0x0000015a   Code   RO         8721    i.BodyFrameToEarthFrame  ins_task.o
    0x0800158a   0x00000004   Code   RO         2732    i.BusFault_Handler  stm32f4xx_it.o
    0x0800158e   0x00000002   PAD
    0x08001590   0x00000040   Code   RO         1911    i.CAN1_FilterInit   can.o
    0x080015d0   0x0000001c   Code   RO         2733    i.CAN1_RX0_IRQHandler  stm32f4xx_it.o
    0x080015ec   0x0000001c   Code   RO         2734    i.CAN1_TX_IRQHandler  stm32f4xx_it.o
    0x08001608   0x00000078   Code   RO         1912    i.CAN1_Transmit     can.o
    0x08001680   0x00000044   Code   RO         1913    i.CAN2_FilterInit   can.o
    0x080016c4   0x00000010   Code   RO         2735    i.CAN2_RX0_IRQHandler  stm32f4xx_it.o
    0x080016d4   0x00000020   Code   RO         2736    i.CAN2_TX_IRQHandler  stm32f4xx_it.o
    0x080016f4   0x00000088   Code   RO         1914    i.CAN2_Transmit     can.o
    0x0800177c   0x00000044   Code   RO         2675    i.CDC_Control_FS    usbd_cdc_if.o
    0x080017c0   0x00000004   Code   RO         2676    i.CDC_DeInit_FS     usbd_cdc_if.o
    0x080017c4   0x00000024   Code   RO         2677    i.CDC_Init_FS       usbd_cdc_if.o
    0x080017e8   0x00000040   Code   RO         2678    i.CDC_Receive_FS    usbd_cdc_if.o
    0x08001828   0x0000000c   Code   RO         2679    i.CDC_TransmitCplt_FS  usbd_cdc_if.o
    0x08001834   0x00000038   Code   RO         2680    i.CDC_Transmit_FS   usbd_cdc_if.o
    0x0800186c   0x00000544   Code   RO         8441    i.Calibrate_MPU_Offset  bmi088driver_1.o
    0x08001db0   0x0000000a   Code   RO         1820    i.Chassis_Motor     freertos.o
    0x08001dba   0x00000026   Code   RO          629    i.CircleContinue    motor.o
    0x08001de0   0x00000016   Code   RO          783    i.Constrain_Int32_t  assist_fun.o
    0x08001df6   0x00000002   PAD
    0x08001df8   0x00000010   Code   RO         2737    i.DMA1_Stream1_IRQHandler  stm32f4xx_it.o
    0x08001e08   0x00000010   Code   RO         2738    i.DMA1_Stream3_IRQHandler  stm32f4xx_it.o
    0x08001e18   0x00000010   Code   RO         2739    i.DMA2_Stream2_IRQHandler  stm32f4xx_it.o
    0x08001e28   0x00000034   Code   RO         4092    i.DMA_CalcBaseAndBitshift  stm32f4xx_hal_dma.o
    0x08001e5c   0x0000007e   Code   RO         4093    i.DMA_CheckFifoParam  stm32f4xx_hal_dma.o
    0x08001eda   0x00000022   Code   RO         4051    i.DMA_MultiBufferSetConfig  stm32f4xx_hal_dma_ex.o
    0x08001efc   0x00000038   Code   RO         4094    i.DMA_SetConfig     stm32f4xx_hal_dma.o
    0x08001f34   0x00000030   Code   RO         8585    i.DWT_CNT_Update    bsp_dwt_1.o
    0x08001f64   0x0000003c   Code   RO         8586    i.DWT_Delay         bsp_dwt_1.o
    0x08001fa0   0x0000004c   Code   RO         8587    i.DWT_GetDeltaT     bsp_dwt_1.o
    0x08001fec   0x00000054   Code   RO         8590    i.DWT_GetTimeline_s  bsp_dwt_1.o
    0x08002040   0x00000068   Code   RO         8592    i.DWT_Init          bsp_dwt_1.o
    0x080020a8   0x000000d0   Code   RO         8593    i.DWT_SysTimeUpdate  bsp_dwt_1.o
    0x08002178   0x00000002   Code   RO         2740    i.DebugMon_Handler  stm32f4xx_it.o
    0x0800217a   0x00000002   PAD
    0x0800217c   0x000000e4   Code   RO           13    i.DownControl       message.o
    0x08002260   0x000001c0   Code   RO           14    i.DownControl2      message.o
    0x08002420   0x0000015a   Code   RO         8722    i.EarthFrameToBodyFrame  ins_task.o
    0x0800257a   0x00000002   Code   RO         1724    i.Error_Handler     main.o
    0x0800257c   0x000000d4   Code   RO          504    i.FrictionWheel_Process  shoot.o
    0x08002650   0x000000b4   Code   RO         1915    i.GetDirAngle_Shoot  can.o
    0x08002704   0x00000034   Code   RO         2598    i.Get_SerialNum     usbd_desc.o
    0x08002738   0x00000024   Code   RO         4761    i.HAL_CAN_ActivateNotification  stm32f4xx_hal_can.o
    0x0800275c   0x00000104   Code   RO         4762    i.HAL_CAN_AddTxMessage  stm32f4xx_hal_can.o
    0x08002860   0x00000128   Code   RO         4763    i.HAL_CAN_ConfigFilter  stm32f4xx_hal_can.o
    0x08002988   0x00000002   Code   RO         4766    i.HAL_CAN_ErrorCallback  stm32f4xx_hal_can.o
    0x0800298a   0x0000016c   Code   RO         4769    i.HAL_CAN_GetRxMessage  stm32f4xx_hal_can.o
    0x08002af6   0x00000032   Code   RO         4771    i.HAL_CAN_GetTxMailboxesFreeLevel  stm32f4xx_hal_can.o
    0x08002b28   0x00000234   Code   RO         4773    i.HAL_CAN_IRQHandler  stm32f4xx_hal_can.o
    0x08002d5c   0x00000168   Code   RO         4774    i.HAL_CAN_Init      stm32f4xx_hal_can.o
    0x08002ec4   0x00000184   Code   RO         1917    i.HAL_CAN_MspInit   can.o
    0x08003048   0x00000002   Code   RO         4781    i.HAL_CAN_RxFifo0FullCallback  stm32f4xx_hal_can.o
    0x0800304a   0x00000002   PAD
    0x0800304c   0x000002ec   Code   RO         1918    i.HAL_CAN_RxFifo0MsgPendingCallback  can.o
    0x08003338   0x00000002   Code   RO         4783    i.HAL_CAN_RxFifo1FullCallback  stm32f4xx_hal_can.o
    0x0800333a   0x00000002   Code   RO         4784    i.HAL_CAN_RxFifo1MsgPendingCallback  stm32f4xx_hal_can.o
    0x0800333c   0x00000002   Code   RO         4785    i.HAL_CAN_SleepCallback  stm32f4xx_hal_can.o
    0x0800333e   0x00000064   Code   RO         4786    i.HAL_CAN_Start     stm32f4xx_hal_can.o
    0x080033a2   0x00000002   Code   RO         4788    i.HAL_CAN_TxMailbox0AbortCallback  stm32f4xx_hal_can.o
    0x080033a4   0x00000002   Code   RO         4789    i.HAL_CAN_TxMailbox0CompleteCallback  stm32f4xx_hal_can.o
    0x080033a6   0x00000002   Code   RO         4790    i.HAL_CAN_TxMailbox1AbortCallback  stm32f4xx_hal_can.o
    0x080033a8   0x00000002   Code   RO         4791    i.HAL_CAN_TxMailbox1CompleteCallback  stm32f4xx_hal_can.o
    0x080033aa   0x00000002   Code   RO         4792    i.HAL_CAN_TxMailbox2AbortCallback  stm32f4xx_hal_can.o
    0x080033ac   0x00000002   Code   RO         4793    i.HAL_CAN_TxMailbox2CompleteCallback  stm32f4xx_hal_can.o
    0x080033ae   0x00000002   Code   RO         4795    i.HAL_CAN_WakeUpFromRxMsgCallback  stm32f4xx_hal_can.o
    0x080033b0   0x00000ba4   Code   RO         4054    i.HAL_DMAEx_MultiBufferStart_IT  stm32f4xx_hal_dma_ex.o
    0x08003f54   0x000000a2   Code   RO         4095    i.HAL_DMA_Abort     stm32f4xx_hal_dma.o
    0x08003ff6   0x00000024   Code   RO         4096    i.HAL_DMA_Abort_IT  stm32f4xx_hal_dma.o
    0x0800401a   0x00000002   PAD
    0x0800401c   0x000001ec   Code   RO         4100    i.HAL_DMA_IRQHandler  stm32f4xx_hal_dma.o
    0x08004208   0x000000ec   Code   RO         4101    i.HAL_DMA_Init      stm32f4xx_hal_dma.o
    0x080042f4   0x00000058   Code   RO         4103    i.HAL_DMA_RegisterCallback  stm32f4xx_hal_dma.o
    0x0800434c   0x00000070   Code   RO         4105    i.HAL_DMA_Start_IT  stm32f4xx_hal_dma.o
    0x080043bc   0x00000028   Code   RO         4509    i.HAL_Delay         stm32f4xx_hal.o
    0x080043e4   0x00000210   Code   RO         3988    i.HAL_GPIO_Init     stm32f4xx_hal_gpio.o
    0x080045f4   0x0000000e   Code   RO         3992    i.HAL_GPIO_WritePin  stm32f4xx_hal_gpio.o
    0x08004602   0x00000002   PAD
    0x08004604   0x0000000c   Code   RO         4515    i.HAL_GetTick       stm32f4xx_hal.o
    0x08004610   0x00000066   Code   RO         4994    i.HAL_IWDG_Init     stm32f4xx_hal_iwdg.o
    0x08004676   0x0000000c   Code   RO         4995    i.HAL_IWDG_Refresh  stm32f4xx_hal_iwdg.o
    0x08004682   0x00000002   PAD
    0x08004684   0x00000010   Code   RO         4521    i.HAL_IncTick       stm32f4xx_hal.o
    0x08004694   0x00000034   Code   RO         4522    i.HAL_Init          stm32f4xx_hal.o
    0x080046c8   0x000000b4   Code   RO         2916    i.HAL_InitTick      stm32f4xx_hal_timebase_tim.o
    0x0800477c   0x00000054   Code   RO         2892    i.HAL_MspInit       stm32f4xx_hal_msp.o
    0x080047d0   0x0000001c   Code   RO         4377    i.HAL_NVIC_EnableIRQ  stm32f4xx_hal_cortex.o
    0x080047ec   0x00000068   Code   RO         4383    i.HAL_NVIC_SetPriority  stm32f4xx_hal_cortex.o
    0x08004854   0x00000024   Code   RO         4384    i.HAL_NVIC_SetPriorityGrouping  stm32f4xx_hal_cortex.o
    0x08004878   0x00000002   Code   RO         3236    i.HAL_PCDEx_LPM_Callback  stm32f4xx_hal_pcd_ex.o
    0x0800487a   0x00000008   Code   RO         3237    i.HAL_PCDEx_SetRxFiFo  stm32f4xx_hal_pcd_ex.o
    0x08004882   0x0000004a   Code   RO         3238    i.HAL_PCDEx_SetTxFiFo  stm32f4xx_hal_pcd_ex.o
    0x080048cc   0x0000000e   Code   RO         2391    i.HAL_PCD_ConnectCallback  usbd_conf.o
    0x080048da   0x00000020   Code   RO         2392    i.HAL_PCD_DataInStageCallback  usbd_conf.o
    0x080048fa   0x00000020   Code   RO         2393    i.HAL_PCD_DataOutStageCallback  usbd_conf.o
    0x0800491a   0x0000000e   Code   RO         2394    i.HAL_PCD_DisconnectCallback  usbd_conf.o
    0x08004928   0x00000020   Code   RO         3001    i.HAL_PCD_EP_Abort  stm32f4xx_hal_pcd.o
    0x08004948   0x0000004a   Code   RO         3002    i.HAL_PCD_EP_Close  stm32f4xx_hal_pcd.o
    0x08004992   0x0000005c   Code   RO         3003    i.HAL_PCD_EP_ClrStall  stm32f4xx_hal_pcd.o
    0x080049ee   0x00000012   Code   RO         3005    i.HAL_PCD_EP_GetRxCount  stm32f4xx_hal_pcd.o
    0x08004a00   0x0000005c   Code   RO         3006    i.HAL_PCD_EP_Open   stm32f4xx_hal_pcd.o
    0x08004a5c   0x00000046   Code   RO         3007    i.HAL_PCD_EP_Receive  stm32f4xx_hal_pcd.o
    0x08004aa2   0x00000074   Code   RO         3008    i.HAL_PCD_EP_SetStall  stm32f4xx_hal_pcd.o
    0x08004b16   0x00000046   Code   RO         3009    i.HAL_PCD_EP_Transmit  stm32f4xx_hal_pcd.o
    0x08004b5c   0x00000564   Code   RO         3011    i.HAL_PCD_IRQHandler  stm32f4xx_hal_pcd.o
    0x080050c0   0x00000012   Code   RO         2395    i.HAL_PCD_ISOINIncompleteCallback  usbd_conf.o
    0x080050d2   0x00000012   Code   RO         2396    i.HAL_PCD_ISOOUTIncompleteCallback  usbd_conf.o
    0x080050e4   0x00000140   Code   RO         3014    i.HAL_PCD_Init      stm32f4xx_hal_pcd.o
    0x08005224   0x000000a8   Code   RO         2398    i.HAL_PCD_MspInit   usbd_conf.o
    0x080052cc   0x00000030   Code   RO         2399    i.HAL_PCD_ResetCallback  usbd_conf.o
    0x080052fc   0x0000000e   Code   RO         2400    i.HAL_PCD_ResumeCallback  usbd_conf.o
    0x0800530a   0x0000000e   Code   RO         2401    i.HAL_PCD_SOFCallback  usbd_conf.o
    0x08005318   0x00000028   Code   RO         3020    i.HAL_PCD_SetAddress  stm32f4xx_hal_pcd.o
    0x08005340   0x00000012   Code   RO         2402    i.HAL_PCD_SetupStageCallback  usbd_conf.o
    0x08005352   0x00000042   Code   RO         3023    i.HAL_PCD_Start     stm32f4xx_hal_pcd.o
    0x08005394   0x00000034   Code   RO         2403    i.HAL_PCD_SuspendCallback  usbd_conf.o
    0x080053c8   0x0000017c   Code   RO         3589    i.HAL_RCC_ClockConfig  stm32f4xx_hal_rcc.o
    0x08005544   0x0000003c   Code   RO         3593    i.HAL_RCC_GetClockConfig  stm32f4xx_hal_rcc.o
    0x08005580   0x0000000c   Code   RO         3594    i.HAL_RCC_GetHCLKFreq  stm32f4xx_hal_rcc.o
    0x0800558c   0x00000020   Code   RO         3596    i.HAL_RCC_GetPCLK1Freq  stm32f4xx_hal_rcc.o
    0x080055ac   0x00000020   Code   RO         3597    i.HAL_RCC_GetPCLK2Freq  stm32f4xx_hal_rcc.o
    0x080055cc   0x00000070   Code   RO         3598    i.HAL_RCC_GetSysClockFreq  stm32f4xx_hal_rcc.o
    0x0800563c   0x00000482   Code   RO         3601    i.HAL_RCC_OscConfig  stm32f4xx_hal_rcc.o
    0x08005abe   0x000000be   Code   RO         5035    i.HAL_SPI_Init      stm32f4xx_hal_spi.o
    0x08005b7c   0x00000088   Code   RO         2052    i.HAL_SPI_MspInit   spi.o
    0x08005c04   0x000001f8   Code   RO         5044    i.HAL_SPI_TransmitReceive  stm32f4xx_hal_spi.o
    0x08005dfc   0x00000002   Code   RO         6063    i.HAL_TIMEx_BreakCallback  stm32f4xx_hal_tim_ex.o
    0x08005dfe   0x00000002   Code   RO         6064    i.HAL_TIMEx_CommutCallback  stm32f4xx_hal_tim_ex.o
    0x08005e00   0x00000066   Code   RO         6066    i.HAL_TIMEx_ConfigBreakDeadTime  stm32f4xx_hal_tim_ex.o
    0x08005e66   0x00000082   Code   RO         6082    i.HAL_TIMEx_MasterConfigSynchronization  stm32f4xx_hal_tim_ex.o
    0x08005ee8   0x0000005c   Code   RO         5348    i.HAL_TIM_Base_Init  stm32f4xx_hal_tim.o
    0x08005f44   0x00000114   Code   RO         2094    i.HAL_TIM_Base_MspInit  tim.o
    0x08006058   0x00000072   Code   RO         5353    i.HAL_TIM_Base_Start_IT  stm32f4xx_hal_tim.o
    0x080060ca   0x000000ea   Code   RO         5357    i.HAL_TIM_ConfigClockSource  stm32f4xx_hal_tim.o
    0x080061b4   0x00000002   Code   RO         5382    i.HAL_TIM_IC_CaptureCallback  stm32f4xx_hal_tim.o
    0x080061b6   0x00000174   Code   RO         5396    i.HAL_TIM_IRQHandler  stm32f4xx_hal_tim.o
    0x0800632a   0x00000002   PAD
    0x0800632c   0x000000b0   Code   RO         2095    i.HAL_TIM_MspPostInit  tim.o
    0x080063dc   0x00000002   Code   RO         5399    i.HAL_TIM_OC_DelayElapsedCallback  stm32f4xx_hal_tim.o
    0x080063de   0x000000d8   Code   RO         5420    i.HAL_TIM_PWM_ConfigChannel  stm32f4xx_hal_tim.o
    0x080064b6   0x0000005c   Code   RO         5423    i.HAL_TIM_PWM_Init  stm32f4xx_hal_tim.o
    0x08006512   0x00000002   Code   RO         5425    i.HAL_TIM_PWM_MspInit  stm32f4xx_hal_tim.o
    0x08006514   0x00000002   Code   RO         5426    i.HAL_TIM_PWM_PulseFinishedCallback  stm32f4xx_hal_tim.o
    0x08006516   0x00000002   PAD
    0x08006518   0x000000cc   Code   RO         5428    i.HAL_TIM_PWM_Start  stm32f4xx_hal_tim.o
    0x080065e4   0x000000c8   Code   RO         1725    i.HAL_TIM_PeriodElapsedCallback  main.o
    0x080066ac   0x00000002   Code   RO         5439    i.HAL_TIM_TriggerCallback  stm32f4xx_hal_tim.o
    0x080066ae   0x00000002   Code   RO         6341    i.HAL_UARTEx_RxEventCallback  stm32f4xx_hal_uart.o
    0x080066b0   0x00000002   Code   RO         6355    i.HAL_UART_ErrorCallback  stm32f4xx_hal_uart.o
    0x080066b2   0x00000002   PAD
    0x080066b4   0x00000260   Code   RO         6358    i.HAL_UART_IRQHandler  stm32f4xx_hal_uart.o
    0x08006914   0x00000064   Code   RO         6359    i.HAL_UART_Init     stm32f4xx_hal_uart.o
    0x08006978   0x0000039c   Code   RO         2197    i.HAL_UART_MspInit  usart.o
    0x08006d14   0x0000002e   Code   RO         6364    i.HAL_UART_Receive_IT  stm32f4xx_hal_uart.o
    0x08006d42   0x00000002   PAD
    0x08006d44   0x00000024   Code   RO         2198    i.HAL_UART_RxCpltCallback  usart.o
    0x08006d68   0x000000ca   Code   RO         6367    i.HAL_UART_Transmit  stm32f4xx_hal_uart.o
    0x08006e32   0x00000002   PAD
    0x08006e34   0x000000a0   Code   RO         6368    i.HAL_UART_Transmit_DMA  stm32f4xx_hal_uart.o
    0x08006ed4   0x00000002   Code   RO         6370    i.HAL_UART_TxCpltCallback  stm32f4xx_hal_uart.o
    0x08006ed6   0x00000002   Code   RO         6371    i.HAL_UART_TxHalfCpltCallback  stm32f4xx_hal_uart.o
    0x08006ed8   0x00000130   Code   RO         8806    i.H_K_R_Adjustment  kalman_filter.o
    0x08007008   0x00000004   Code   RO         2741    i.HardFault_Handler  stm32f4xx_it.o
    0x0800700c   0x00000050   Code   RO         1821    i.HolderMotor       freertos.o
    0x0800705c   0x00000054   Code   RO          324    i.Holder_CanTransmit  holder.o
    0x080070b0   0x00000120   Code   RO          325    i.Holder_ChooseMode  holder.o
    0x080071d0   0x00000100   Code   RO          326    i.Holder_Cruise     holder.o
    0x080072d0   0x0000003c   Code   RO          327    i.Holder_Forward    holder.o
    0x0800730c   0x000000d8   Code   RO          328    i.Holder_Manual     holder.o
    0x080073e4   0x00000038   Code   RO          329    i.Holder_Navigate   holder.o
    0x0800741c   0x00000264   Code   RO          330    i.Holder_PID_Calculate  holder.o
    0x08007680   0x00000280   Code   RO          331    i.Holder_PidInit    holder.o
    0x08007900   0x00000034   Code   RO          332    i.Holder_Process    holder.o
    0x08007934   0x00000118   Code   RO          333    i.Holder_Protect    holder.o
    0x08007a4c   0x000000a8   Code   RO          334    i.Holder_Vision     holder.o
    0x08007af4   0x000000bc   Code   RO          335    i.Holder_Vision_Manual  holder.o
    0x08007bb0   0x000000fc   Code   RO          336    i.Holder_Vision_deal  holder.o
    0x08007cac   0x00000144   Code   RO          337    i.Holder_follow     holder.o
    0x08007df0   0x000001e0   Code   RO          338    i.IMU_GetHolderData  holder.o
    0x08007fd0   0x00000238   Code   RO         8886    i.IMU_QuaternionEKF_F_Linearization_P_Fading  quaternionekf.o
    0x08008208   0x00000130   Code   RO         8887    i.IMU_QuaternionEKF_Init  quaternionekf.o
    0x08008338   0x00000034   Code   RO         8888    i.IMU_QuaternionEKF_Observe  quaternionekf.o
    0x0800836c   0x00000128   Code   RO         8889    i.IMU_QuaternionEKF_SetH  quaternionekf.o
    0x08008494   0x00000634   Code   RO         8890    i.IMU_QuaternionEKF_Update  quaternionekf.o
    0x08008ac8   0x00000508   Code   RO         8891    i.IMU_QuaternionEKF_xhatUpdate  quaternionekf.o
    0x08008fd0   0x00000078   Code   RO         8725    i.INS_Init          ins_task.o
    0x08009048   0x00000324   Code   RO         8726    i.INS_Task          ins_task.o
    0x0800936c   0x0000003e   Code   RO         2599    i.IntToUnicode      usbd_desc.o
    0x080093aa   0x00000002   PAD
    0x080093ac   0x00000010   Code   RO         1104    i.JUDGE_f32GetChassisPower  judge_rx.o
    0x080093bc   0x0000000c   Code   RO         1110    i.JUDGE_u16GetRemainEnergy  judge_rx.o
    0x080093c8   0x00000024   Code   RO         1111    i.JUDGE_u16GetRemoteHeat17  judge_rx.o
    0x080093ec   0x0000000c   Code   RO         1112    i.JUDGE_u16Remaining_gold  judge_rx.o
    0x080093f8   0x0000000c   Code   RO         1114    i.JUDGE_u16bullet_remaining_num_17mm  judge_rx.o
    0x08009404   0x00000030   Code   RO         1115    i.JUDGE_u16enemyoutpost_HP  judge_rx.o
    0x08009434   0x00000030   Code   RO         1116    i.JUDGE_u16outpost_HP  judge_rx.o
    0x08009464   0x0000000c   Code   RO         1117    i.JUDGE_u16remaining_time  judge_rx.o
    0x08009470   0x00000010   Code   RO         1118    i.JUDGE_u16robot_HP  judge_rx.o
    0x08009480   0x0000000c   Code   RO         1119    i.JUDGE_u8GetRobotId  judge_rx.o
    0x0800948c   0x0000000c   Code   RO         1123    i.JUDGE_u8_robot_command  judge_rx.o
    0x08009498   0x0000000c   Code   RO         1126    i.JUDGE_u8game_progress  judge_rx.o
    0x080094a4   0x00000010   Code   RO         1127    i.JUDGE_u8intakearea_id  judge_rx.o
    0x080094b4   0x00000010   Code   RO         1128    i.JUDGE_u8patrolarea_id  judge_rx.o
    0x080094c4   0x00000030   Code   RO         1822    i.Judge             freertos.o
    0x080094f4   0x0000004c   Code   RO         1302    i.JudgeUI_SentryControl  judge_tx.o
    0x08009540   0x0000007c   Code   RO         1041    i.Judge_InitData    judge.o
    0x080095bc   0x00000020   Code   RO         1042    i.Judge_Proccess    judge.o
    0x080095dc   0x00000058   Code   RO         1043    i.Judge_SendData    judge.o
    0x08009634   0x0000001c   Code   RO         1044    i.Judge_Uart_Idle   judge.o
    0x08009650   0x0000070c   Code   RO         8807    i.Kalman_Filter_Init  kalman_filter.o
    0x08009d5c   0x00000050   Code   RO         8808    i.Kalman_Filter_Measure  kalman_filter.o
    0x08009dac   0x00000068   Code   RO         8809    i.Kalman_Filter_P_Update  kalman_filter.o
    0x08009e14   0x00000068   Code   RO         8810    i.Kalman_Filter_PminusUpdate  kalman_filter.o
    0x08009e7c   0x000000d2   Code   RO         8811    i.Kalman_Filter_SetK  kalman_filter.o
    0x08009f4e   0x00000002   PAD
    0x08009f50   0x00000128   Code   RO         8812    i.Kalman_Filter_Update  kalman_filter.o
    0x0800a078   0x0000007c   Code   RO         8813    i.Kalman_Filter_xhatMinusUpdate  kalman_filter.o
    0x0800a0f4   0x00000086   Code   RO         8814    i.Kalman_Filter_xhatUpdate  kalman_filter.o
    0x0800a17a   0x00000002   PAD
    0x0800a17c   0x0000002c   Code   RO         1823    i.LED               freertos.o
    0x0800a1a8   0x00000048   Code   RO         1919    i.MX_CAN1_Init      can.o
    0x0800a1f0   0x00000048   Code   RO         1920    i.MX_CAN2_Init      can.o
    0x0800a238   0x00000078   Code   RO         1997    i.MX_DMA_Init       dma.o
    0x0800a2b0   0x00000170   Code   RO         1824    i.MX_FREERTOS_Init  freertos.o
    0x0800a420   0x00000158   Code   RO         1795    i.MX_GPIO_Init      gpio.o
    0x0800a578   0x00000028   Code   RO         2021    i.MX_IWDG_Init      iwdg.o
    0x0800a5a0   0x00000048   Code   RO         2053    i.MX_SPI1_Init      spi.o
    0x0800a5e8   0x00000034   Code   RO         2096    i.MX_TIM10_Init     tim.o
    0x0800a61c   0x00000034   Code   RO         2097    i.MX_TIM14_Init     tim.o
    0x0800a650   0x000000ec   Code   RO         2098    i.MX_TIM1_Init      tim.o
    0x0800a73c   0x000000a0   Code   RO         2099    i.MX_TIM9_Init      tim.o
    0x0800a7dc   0x00000038   Code   RO         2199    i.MX_UART4_Init     usart.o
    0x0800a814   0x00000040   Code   RO         2200    i.MX_USART1_UART_Init  usart.o
    0x0800a854   0x00000038   Code   RO         2201    i.MX_USART2_UART_Init  usart.o
    0x0800a88c   0x00000038   Code   RO         2202    i.MX_USART3_UART_Init  usart.o
    0x0800a8c4   0x00000038   Code   RO         2203    i.MX_USART6_UART_Init  usart.o
    0x0800a8fc   0x0000004c   Code   RO         2360    i.MX_USB_DEVICE_Init  usb_device.o
    0x0800a948   0x00000004   Code   RO         2742    i.MemManage_Handler  stm32f4xx_it.o
    0x0800a94c   0x0000001e   Code   RO          787    i.Misc_Fabsf        assist_fun.o
    0x0800a96a   0x00000002   PAD
    0x0800a96c   0x000000e8   Code   RO          793    i.Misc_s32Recursive_Mean4_Filter  assist_fun.o
    0x0800aa54   0x00000134   Code   RO           17    i.Msg_RemoteDataProcess  message.o
    0x0800ab88   0x00000002   Code   RO         2743    i.NMI_Handler       stm32f4xx_it.o
    0x0800ab8a   0x00000002   PAD
    0x0800ab8c   0x00000010   Code   RO         2744    i.OTG_FS_IRQHandler  stm32f4xx_it.o
    0x0800ab9c   0x00000048   Code   RO         3027    i.PCD_EP_OutSetupPacket_int  stm32f4xx_hal_pcd.o
    0x0800abe4   0x000000e8   Code   RO         3028    i.PCD_EP_OutXfrComplete_int  stm32f4xx_hal_pcd.o
    0x0800accc   0x000000a2   Code   RO         3029    i.PCD_WriteEmptyTxFifo  stm32f4xx_hal_pcd.o
    0x0800ad6e   0x00000034   Code   RO          795    i.RAMP_Uint16       assist_fun.o
    0x0800ada2   0x00000002   PAD
    0x0800ada4   0x000002d0   Code   RO          921    i.Recieve_Vision_Data  vision.o
    0x0800b074   0x00000064   Code   RO         5073    i.SPI_EndRxTxTransaction  stm32f4xx_hal_spi.o
    0x0800b0d8   0x000000d8   Code   RO         5078    i.SPI_WaitFlagStateUntilTimeout  stm32f4xx_hal_spi.o
    0x0800b1b0   0x0000005c   Code   RO         1825    i.Shoot             freertos.o
    0x0800b20c   0x00000148   Code   RO          505    i.Shoot_Auto        shoot.o
    0x0800b354   0x00000080   Code   RO         1045    i.Shoot_Calculate   judge.o
    0x0800b3d4   0x00000068   Code   RO          506    i.Shoot_CanTransmit  shoot.o
    0x0800b43c   0x00000078   Code   RO          507    i.Shoot_ChooseMode  shoot.o
    0x0800b4b4   0x00000028   Code   RO          508    i.Shoot_GetHeat     shoot.o
    0x0800b4dc   0x00000030   Code   RO          509    i.Shoot_HeatControl  shoot.o
    0x0800b50c   0x000000e4   Code   RO          510    i.Shoot_Manual      shoot.o
    0x0800b5f0   0x00000138   Code   RO          511    i.Shoot_PIDInit     shoot.o
    0x0800b728   0x00000190   Code   RO          512    i.Shoot_PidCalculation  shoot.o
    0x0800b8b8   0x0000004a   Code   RO          513    i.Shoot_Process     shoot.o
    0x0800b902   0x00000002   PAD
    0x0800b904   0x00000134   Code   RO          514    i.Shoot_Reset       shoot.o
    0x0800ba38   0x0000002c   Code   RO         7930    i.SysTick_Handler   port.o
    0x0800ba64   0x000000bc   Code   RO         1726    i.SystemClock_Config  main.o
    0x0800bb20   0x0000001c   Code   RO         2956    i.SystemInit        system_stm32f4xx.o
    0x0800bb3c   0x00000010   Code   RO         2100    i.TIM10_START       tim.o
    0x0800bb4c   0x00000010   Code   RO         2101    i.TIM14_START       tim.o
    0x0800bb5c   0x00000018   Code   RO         2745    i.TIM1_BRK_TIM9_IRQHandler  stm32f4xx_it.o
    0x0800bb74   0x00000018   Code   RO         2102    i.TIM1_PWMSTART     tim.o
    0x0800bb8c   0x00000018   Code   RO         2746    i.TIM1_UP_TIM10_IRQHandler  stm32f4xx_it.o
    0x0800bba4   0x00000010   Code   RO         2747    i.TIM6_DAC_IRQHandler  stm32f4xx_it.o
    0x0800bbb4   0x00000010   Code   RO         2748    i.TIM8_TRG_COM_TIM14_IRQHandler  stm32f4xx_it.o
    0x0800bbc4   0x00000018   Code   RO         2104    i.TIM9_PWMSTART     tim.o
    0x0800bbdc   0x000000b8   Code   RO         5441    i.TIM_Base_SetConfig  stm32f4xx_hal_tim.o
    0x0800bc94   0x0000001e   Code   RO         5442    i.TIM_CCxChannelCmd  stm32f4xx_hal_tim.o
    0x0800bcb2   0x00000016   Code   RO         5452    i.TIM_ETR_SetConfig  stm32f4xx_hal_tim.o
    0x0800bcc8   0x00000010   Code   RO         5453    i.TIM_ITRx_SetConfig  stm32f4xx_hal_tim.o
    0x0800bcd8   0x00000070   Code   RO         5454    i.TIM_OC1_SetConfig  stm32f4xx_hal_tim.o
    0x0800bd48   0x00000078   Code   RO         5455    i.TIM_OC2_SetConfig  stm32f4xx_hal_tim.o
    0x0800bdc0   0x00000078   Code   RO         5456    i.TIM_OC3_SetConfig  stm32f4xx_hal_tim.o
    0x0800be38   0x00000054   Code   RO         5457    i.TIM_OC4_SetConfig  stm32f4xx_hal_tim.o
    0x0800be8c   0x00000026   Code   RO         5459    i.TIM_TI1_ConfigInputStage  stm32f4xx_hal_tim.o
    0x0800beb2   0x00000024   Code   RO         5461    i.TIM_TI2_ConfigInputStage  stm32f4xx_hal_tim.o
    0x0800bed6   0x00000002   PAD
    0x0800bed8   0x00000058   Code   RO         1826    i.TaskMsg           freertos.o
    0x0800bf30   0x00000040   Code   RO         2204    i.UART1_RemoteStart  usart.o
    0x0800bf70   0x00000058   Code   RO         2205    i.UART2_SendWave    usart.o
    0x0800bfc8   0x00000074   Code   RO         2206    i.UART3_JudgeStart  usart.o
    0x0800c03c   0x00000010   Code   RO         2749    i.UART4_IRQHandler  stm32f4xx_it.o
    0x0800c04c   0x00000010   Code   RO         6372    i.UART_DMAAbortOnError  stm32f4xx_hal_uart.o
    0x0800c05c   0x0000004a   Code   RO         6373    i.UART_DMAError     stm32f4xx_hal_uart.o
    0x0800c0a6   0x00000044   Code   RO         6378    i.UART_DMATransmitCplt  stm32f4xx_hal_uart.o
    0x0800c0ea   0x0000000a   Code   RO         6380    i.UART_DMATxHalfCplt  stm32f4xx_hal_uart.o
    0x0800c0f4   0x0000004e   Code   RO         6382    i.UART_EndRxTransfer  stm32f4xx_hal_uart.o
    0x0800c142   0x0000001a   Code   RO         6383    i.UART_EndTransmit_IT  stm32f4xx_hal_uart.o
    0x0800c15c   0x0000001c   Code   RO         6384    i.UART_EndTxTransfer  stm32f4xx_hal_uart.o
    0x0800c178   0x000000c8   Code   RO         6385    i.UART_Receive_IT   stm32f4xx_hal_uart.o
    0x0800c240   0x000000f8   Code   RO         6386    i.UART_SetConfig    stm32f4xx_hal_uart.o
    0x0800c338   0x0000003c   Code   RO         6388    i.UART_Start_Receive_IT  stm32f4xx_hal_uart.o
    0x0800c374   0x0000005e   Code   RO         6389    i.UART_Transmit_IT  stm32f4xx_hal_uart.o
    0x0800c3d2   0x0000008c   Code   RO         6390    i.UART_WaitOnFlagUntilTimeout  stm32f4xx_hal_uart.o
    0x0800c45e   0x00000002   PAD
    0x0800c460   0x0000004c   Code   RO         1827    i.UI                freertos.o
    0x0800c4ac   0x00000010   Code   RO         2750    i.USART1_IRQHandler  stm32f4xx_it.o
    0x0800c4bc   0x00000010   Code   RO         2751    i.USART2_IRQHandler  stm32f4xx_it.o
    0x0800c4cc   0x00000018   Code   RO         2752    i.USART3_IRQHandler  stm32f4xx_it.o
    0x0800c4e4   0x00000010   Code   RO         2753    i.USART6_IRQHandler  stm32f4xx_it.o
    0x0800c4f4   0x00000078   Code   RO         8329    i.USBD_CDC_DataIn   usbd_cdc.o
    0x0800c56c   0x0000003e   Code   RO         8330    i.USBD_CDC_DataOut  usbd_cdc.o
    0x0800c5aa   0x00000002   PAD
    0x0800c5ac   0x00000094   Code   RO         8331    i.USBD_CDC_DeInit   usbd_cdc.o
    0x0800c640   0x00000038   Code   RO         8332    i.USBD_CDC_EP0_RxReady  usbd_cdc.o
    0x0800c678   0x0000000c   Code   RO         8333    i.USBD_CDC_GetDeviceQualifierDescriptor  usbd_cdc.o
    0x0800c684   0x0000003c   Code   RO         8334    i.USBD_CDC_GetFSCfgDesc  usbd_cdc.o
    0x0800c6c0   0x00000040   Code   RO         8335    i.USBD_CDC_GetHSCfgDesc  usbd_cdc.o
    0x0800c700   0x0000003c   Code   RO         8336    i.USBD_CDC_GetOtherSpeedCfgDesc  usbd_cdc.o
    0x0800c73c   0x00000160   Code   RO         8337    i.USBD_CDC_Init     usbd_cdc.o
    0x0800c89c   0x00000048   Code   RO         8338    i.USBD_CDC_ReceivePacket  usbd_cdc.o
    0x0800c8e4   0x00000018   Code   RO         8339    i.USBD_CDC_RegisterInterface  usbd_cdc.o
    0x0800c8fc   0x0000001c   Code   RO         8340    i.USBD_CDC_SetRxBuffer  usbd_cdc.o
    0x0800c918   0x00000020   Code   RO         8341    i.USBD_CDC_SetTxBuffer  usbd_cdc.o
    0x0800c938   0x00000110   Code   RO         8342    i.USBD_CDC_Setup    usbd_cdc.o
    0x0800ca48   0x00000054   Code   RO         8343    i.USBD_CDC_TransmitPacket  usbd_cdc.o
    0x0800ca9c   0x00000014   Code   RO         8009    i.USBD_ClrClassConfig  usbd_core.o
    0x0800cab0   0x00000026   Code   RO         8171    i.USBD_ClrFeature   usbd_ctlreq.o
    0x0800cad6   0x00000004   Code   RO         8010    i.USBD_CoreFindEP   usbd_core.o
    0x0800cada   0x00000004   Code   RO         8011    i.USBD_CoreFindIF   usbd_core.o
    0x0800cade   0x00000010   Code   RO         8269    i.USBD_CtlContinueRx  usbd_ioreq.o
    0x0800caee   0x00000010   Code   RO         8270    i.USBD_CtlContinueSendData  usbd_ioreq.o
    0x0800cafe   0x00000018   Code   RO         8172    i.USBD_CtlError     usbd_ctlreq.o
    0x0800cb16   0x0000001e   Code   RO         8271    i.USBD_CtlPrepareRx  usbd_ioreq.o
    0x0800cb34   0x00000016   Code   RO         8272    i.USBD_CtlReceiveStatus  usbd_ioreq.o
    0x0800cb4a   0x0000001a   Code   RO         8273    i.USBD_CtlSendData  usbd_ioreq.o
    0x0800cb64   0x00000016   Code   RO         8274    i.USBD_CtlSendStatus  usbd_ioreq.o
    0x0800cb7a   0x00000002   PAD
    0x0800cb7c   0x00000034   Code   RO         2600    i.USBD_FS_ConfigStrDescriptor  usbd_desc.o
    0x0800cbb0   0x00000010   Code   RO         2601    i.USBD_FS_DeviceDescriptor  usbd_desc.o
    0x0800cbc0   0x00000038   Code   RO         2602    i.USBD_FS_InterfaceStrDescriptor  usbd_desc.o
    0x0800cbf8   0x00000010   Code   RO         2603    i.USBD_FS_LangIDStrDescriptor  usbd_desc.o
    0x0800cc08   0x0000002c   Code   RO         2604    i.USBD_FS_ManufacturerStrDescriptor  usbd_desc.o
    0x0800cc34   0x00000040   Code   RO         2605    i.USBD_FS_ProductStrDescriptor  usbd_desc.o
    0x0800cc74   0x00000018   Code   RO         2606    i.USBD_FS_SerialStrDescriptor  usbd_desc.o
    0x0800cc8c   0x00000034   Code   RO         8173    i.USBD_GetConfig    usbd_ctlreq.o
    0x0800ccc0   0x000001b4   Code   RO         8174    i.USBD_GetDescriptor  usbd_ctlreq.o
    0x0800ce74   0x0000003c   Code   RO         8013    i.USBD_GetEpDesc    usbd_core.o
    0x0800ceb0   0x00000018   Code   RO         8175    i.USBD_GetLen       usbd_ctlreq.o
    0x0800cec8   0x0000000e   Code   RO         8014    i.USBD_GetNextDesc  usbd_core.o
    0x0800ced6   0x00000036   Code   RO         8176    i.USBD_GetStatus    usbd_ctlreq.o
    0x0800cf0c   0x00000044   Code   RO         8177    i.USBD_GetString    usbd_ctlreq.o
    0x0800cf50   0x0000002c   Code   RO         2404    i.USBD_Get_USB_Status  usbd_conf.o
    0x0800cf7c   0x00000028   Code   RO         8015    i.USBD_Init         usbd_core.o
    0x0800cfa4   0x00000026   Code   RO         2405    i.USBD_LL_ClearStallEP  usbd_conf.o
    0x0800cfca   0x00000026   Code   RO         2406    i.USBD_LL_CloseEP   usbd_conf.o
    0x0800cff0   0x000000dc   Code   RO         8016    i.USBD_LL_DataInStage  usbd_core.o
    0x0800d0cc   0x000000d0   Code   RO         8017    i.USBD_LL_DataOutStage  usbd_core.o
    0x0800d19c   0x00000004   Code   RO         8018    i.USBD_LL_DevConnected  usbd_core.o
    0x0800d1a0   0x00000020   Code   RO         8019    i.USBD_LL_DevDisconnected  usbd_core.o
    0x0800d1c0   0x00000012   Code   RO         2410    i.USBD_LL_GetRxDataSize  usbd_conf.o
    0x0800d1d2   0x00000002   PAD
    0x0800d1d4   0x00000068   Code   RO         2411    i.USBD_LL_Init      usbd_conf.o
    0x0800d23c   0x00000038   Code   RO         2412    i.USBD_LL_IsStallEP  usbd_conf.o
    0x0800d274   0x0000002a   Code   RO         8020    i.USBD_LL_IsoINIncomplete  usbd_core.o
    0x0800d29e   0x0000002a   Code   RO         8021    i.USBD_LL_IsoOUTIncomplete  usbd_core.o
    0x0800d2c8   0x00000030   Code   RO         2413    i.USBD_LL_OpenEP    usbd_conf.o
    0x0800d2f8   0x00000030   Code   RO         2414    i.USBD_LL_PrepareReceive  usbd_conf.o
    0x0800d328   0x00000060   Code   RO         8022    i.USBD_LL_Reset     usbd_core.o
    0x0800d388   0x00000014   Code   RO         8023    i.USBD_LL_Resume    usbd_core.o
    0x0800d39c   0x0000001a   Code   RO         8024    i.USBD_LL_SOF       usbd_core.o
    0x0800d3b6   0x00000006   Code   RO         8025    i.USBD_LL_SetSpeed  usbd_core.o
    0x0800d3bc   0x00000026   Code   RO         2415    i.USBD_LL_SetUSBAddress  usbd_conf.o
    0x0800d3e2   0x00000064   Code   RO         8026    i.USBD_LL_SetupStage  usbd_core.o
    0x0800d446   0x00000026   Code   RO         2416    i.USBD_LL_StallEP   usbd_conf.o
    0x0800d46c   0x0000001e   Code   RO         2417    i.USBD_LL_Start     usbd_conf.o
    0x0800d48a   0x00000012   Code   RO         8027    i.USBD_LL_Suspend   usbd_core.o
    0x0800d49c   0x00000030   Code   RO         2419    i.USBD_LL_Transmit  usbd_conf.o
    0x0800d4cc   0x00000032   Code   RO         8178    i.USBD_ParseSetupRequest  usbd_ctlreq.o
    0x0800d4fe   0x0000003a   Code   RO         8028    i.USBD_RegisterClass  usbd_core.o
    0x0800d538   0x00000004   Code   RO         8029    i.USBD_RunTestMode  usbd_core.o
    0x0800d53c   0x00000058   Code   RO         8179    i.USBD_SetAddress   usbd_ctlreq.o
    0x0800d594   0x00000014   Code   RO         8030    i.USBD_SetClassConfig  usbd_core.o
    0x0800d5a8   0x000000dc   Code   RO         8180    i.USBD_SetConfig    usbd_ctlreq.o
    0x0800d684   0x00000024   Code   RO         8181    i.USBD_SetFeature   usbd_ctlreq.o
    0x0800d6a8   0x00000004   Code   RO         8031    i.USBD_Start        usbd_core.o
    0x0800d6ac   0x00000076   Code   RO         8182    i.USBD_StdDevReq    usbd_ctlreq.o
    0x0800d722   0x0000022e   Code   RO         8183    i.USBD_StdEPReq     usbd_ctlreq.o
    0x0800d950   0x0000008a   Code   RO         8184    i.USBD_StdItfReq    usbd_ctlreq.o
    0x0800d9da   0x00000002   Code   RO         2420    i.USBD_static_free  usbd_conf.o
    0x0800d9dc   0x0000000c   Code   RO         2421    i.USBD_static_malloc  usbd_conf.o
    0x0800d9e8   0x0000009c   Code   RO         3278    i.USB_ActivateEndpoint  stm32f4xx_ll_usb.o
    0x0800da84   0x0000001c   Code   RO         3280    i.USB_ActivateSetup  stm32f4xx_ll_usb.o
    0x0800daa0   0x0000007e   Code   RO         3282    i.USB_CoreInit      stm32f4xx_ll_usb.o
    0x0800db1e   0x00000002   PAD
    0x0800db20   0x00000050   Code   RO         3283    i.USB_CoreReset     stm32f4xx_ll_usb.o
    0x0800db70   0x000000dc   Code   RO         3286    i.USB_DeactivateEndpoint  stm32f4xx_ll_usb.o
    0x0800dc4c   0x0000001c   Code   RO         3287    i.USB_DevConnect    stm32f4xx_ll_usb.o
    0x0800dc68   0x0000001c   Code   RO         3288    i.USB_DevDisconnect  stm32f4xx_ll_usb.o
    0x0800dc84   0x00000178   Code   RO         3289    i.USB_DevInit       stm32f4xx_ll_usb.o
    0x0800ddfc   0x0000000c   Code   RO         3290    i.USB_DisableGlobalInt  stm32f4xx_ll_usb.o
    0x0800de08   0x0000012e   Code   RO         3293    i.USB_EP0StartXfer  stm32f4xx_ll_usb.o
    0x0800df36   0x00000002   PAD
    0x0800df38   0x00000060   Code   RO         3294    i.USB_EP0_OutStart  stm32f4xx_ll_usb.o
    0x0800df98   0x00000058   Code   RO         3295    i.USB_EPClearStall  stm32f4xx_ll_usb.o
    0x0800dff0   0x0000005e   Code   RO         3296    i.USB_EPSetStall    stm32f4xx_ll_usb.o
    0x0800e04e   0x0000022c   Code   RO         3297    i.USB_EPStartXfer   stm32f4xx_ll_usb.o
    0x0800e27a   0x000000b4   Code   RO         3298    i.USB_EPStopXfer    stm32f4xx_ll_usb.o
    0x0800e32e   0x0000000c   Code   RO         3299    i.USB_EnableGlobalInt  stm32f4xx_ll_usb.o
    0x0800e33a   0x00000002   PAD
    0x0800e33c   0x0000004c   Code   RO         3300    i.USB_FlushRxFifo   stm32f4xx_ll_usb.o
    0x0800e388   0x00000058   Code   RO         3301    i.USB_FlushTxFifo   stm32f4xx_ll_usb.o
    0x0800e3e0   0x00000020   Code   RO         3303    i.USB_GetDevSpeed   stm32f4xx_ll_usb.o
    0x0800e400   0x00000008   Code   RO         3305    i.USB_GetMode       stm32f4xx_ll_usb.o
    0x0800e408   0x0000000e   Code   RO         3312    i.USB_ReadDevAllInEpInterrupt  stm32f4xx_ll_usb.o
    0x0800e416   0x0000000e   Code   RO         3313    i.USB_ReadDevAllOutEpInterrupt  stm32f4xx_ll_usb.o
    0x0800e424   0x00000024   Code   RO         3314    i.USB_ReadDevInEPInterrupt  stm32f4xx_ll_usb.o
    0x0800e448   0x00000010   Code   RO         3315    i.USB_ReadDevOutEPInterrupt  stm32f4xx_ll_usb.o
    0x0800e458   0x00000008   Code   RO         3316    i.USB_ReadInterrupts  stm32f4xx_ll_usb.o
    0x0800e460   0x00000048   Code   RO         3317    i.USB_ReadPacket    stm32f4xx_ll_usb.o
    0x0800e4a8   0x00000060   Code   RO         3319    i.USB_SetCurrentMode  stm32f4xx_ll_usb.o
    0x0800e508   0x00000022   Code   RO         3320    i.USB_SetDevAddress  stm32f4xx_ll_usb.o
    0x0800e52a   0x0000000e   Code   RO         3321    i.USB_SetDevSpeed   stm32f4xx_ll_usb.o
    0x0800e538   0x000000f4   Code   RO         3322    i.USB_SetTurnaroundTime  stm32f4xx_ll_usb.o
    0x0800e62c   0x00000034   Code   RO         3325    i.USB_WritePacket   stm32f4xx_ll_usb.o
    0x0800e660   0x00000004   Code   RO         2754    i.UsageFault_Handler  stm32f4xx_it.o
    0x0800e664   0x0000006c   Code   RO          922    i.Vision_Get_cmdkeyboard  vision.o
    0x0800e6d0   0x00000028   Code   RO          923    i.Vision_Judge      vision.o
    0x0800e6f8   0x00000034   Code   RO          924    i.Vision_Protect    vision.o
    0x0800e72c   0x00000378   Code   RO          925    i.Vision_SendData   vision.o
    0x0800eaa4   0x00000026   Code   RO         9561    i.__ARM_fpclassifyf  m_wm.l(fpclassifyf.o)
    0x0800eaca   0x0000000a   Code   RO         2209    i.__HAL_DMA_GET_CURRDATCOUT  usart.o
    0x0800ead4   0x00000014   Code   RO         2210    i.__HAL_DMA_GET_CURRMEMTAR  usart.o
    0x0800eae8   0x00000118   Code   RO         9121    i.__hardfp_acosf    m_wm.l(acosf.o)
    0x0800ec00   0x0000012c   Code   RO         9133    i.__hardfp_asinf    m_wm.l(asinf.o)
    0x0800ed2c   0x00000250   Code   RO         9145    i.__hardfp_atan2f   m_wm.l(atan2f.o)
    0x0800ef7c   0x00000150   Code   RO         9157    i.__hardfp_cosf     m_wm.l(cosf.o)
    0x0800f0cc   0x00000190   Code   RO         9183    i.__hardfp_sinf     m_wm.l(sinf.o)
    0x0800f25c   0x0000003a   Code   RO         9207    i.__hardfp_sqrtf    m_wm.l(sqrtf.o)
    0x0800f296   0x00000006   Code   RO         9564    i.__mathlib_flt_infnan  m_wm.l(funder.o)
    0x0800f29c   0x00000006   Code   RO         9565    i.__mathlib_flt_infnan2  m_wm.l(funder.o)
    0x0800f2a2   0x00000002   PAD
    0x0800f2a4   0x00000010   Code   RO         9566    i.__mathlib_flt_invalid  m_wm.l(funder.o)
    0x0800f2b4   0x00000010   Code   RO         9569    i.__mathlib_flt_underflow  m_wm.l(funder.o)
    0x0800f2c4   0x00000154   Code   RO         9577    i.__mathlib_rredf2  m_wm.l(rredf.o)
    0x0800f418   0x0000000e   Code   RO         9631    i.__scatterload_copy  mc_w.l(handlers.o)
    0x0800f426   0x00000002   Code   RO         9632    i.__scatterload_null  mc_w.l(handlers.o)
    0x0800f428   0x0000000e   Code   RO         9633    i.__scatterload_zeroinit  mc_w.l(handlers.o)
    0x0800f436   0x00000002   PAD
    0x0800f438   0x0000000c   Code   RO         9607    i.__set_errno       mc_w.l(errno.o)
    0x0800f444   0x00000030   Code   RO         1530    i.append_crc16_check_sum  protcol.o
    0x0800f474   0x00000026   Code   RO         1531    i.append_crc8_check_sum  protcol.o
    0x0800f49a   0x00000002   PAD
    0x0800f49c   0x00000124   Code   RO         8663    i.biquadFilterInit  filter_1.o
    0x0800f5c0   0x0000003a   Code   RO         8664    i.biquadFilterInitLPF  filter_1.o
    0x0800f5fa   0x00000002   PAD
    0x0800f5fc   0x0000016c   Code   RO         8442    i.bmi088_accel_init  bmi088driver_1.o
    0x0800f768   0x00000130   Code   RO         8443    i.bmi088_gyro_init  bmi088driver_1.o
    0x0800f898   0x00000020   Code   RO           18    i.change_bit        message.o
    0x0800f8b8   0x0000001c   Code   RO         1046    i.change_bits       judge.o
    0x0800f8d4   0x0000002a   Code   RO          798    i.constrain_float   assist_fun.o
    0x0800f8fe   0x00000016   Code   RO          799    i.constrain_int16_t  assist_fun.o
    0x0800f914   0x0000003c   Code   RO         1387    i.data_packet_pack  dma_unpack.o
    0x0800f950   0x000000b8   Code   RO         1388    i.dma_buffer_to_unpack_buffer  dma_unpack.o
    0x0800fa08   0x00000036   Code   RO         1439    i.fifo_s_get        data_fifo.o
    0x0800fa3e   0x00000036   Code   RO         1441    i.fifo_s_init       data_fifo.o
    0x0800fa74   0x00000056   Code   RO         1444    i.fifo_s_puts       data_fifo.o
    0x0800faca   0x00000010   Code   RO         1446    i.fifo_used_count   data_fifo.o
    0x0800fada   0x00000002   PAD
    0x0800fadc   0x00000034   Code   RO         1532    i.get_crc16_check_sum  protcol.o
    0x0800fb10   0x00000024   Code   RO         1533    i.get_crc8_check_sum  protcol.o
    0x0800fb34   0x0000001a   Code   RO         1389    i.get_dma_memory_msg  dma_unpack.o
    0x0800fb4e   0x00000010   Code   RO         7493    i.inHandlerMode     cmsis_os.o
    0x0800fb5e   0x00000002   PAD
    0x0800fb60   0x0000003c   Code   RO         8892    i.invSqrt           quaternionekf.o
    0x0800fb9c   0x00000198   Code   RO         1131    i.judge_rx_handler  judge_rx.o
    0x0800fd34   0x00000160   Code   RO         1390    i.judge_unpack_fifo_data  dma_unpack.o
    0x0800fe94   0x00000094   Code   RO         1727    i.main              main.o
    0x0800ff28   0x0000000c   Code   RO         7495    i.makeFreeRtosPriority  cmsis_os.o
    0x0800ff34   0x0000006c   Code   RO         9494    i.malloc            mc_w.l(malloc.o)
    0x0800ffa0   0x00000010   Code   RO         7497    i.osDelay           cmsis_os.o
    0x0800ffb0   0x0000000a   Code   RO         7500    i.osKernelStart     cmsis_os.o
    0x0800ffba   0x0000002a   Code   RO         7509    i.osMessageCreate   cmsis_os.o
    0x0800ffe4   0x000000ac   Code   RO         7511    i.osMessageGet      cmsis_os.o
    0x08010090   0x00000064   Code   RO         7513    i.osMessagePut      cmsis_os.o
    0x080100f4   0x0000005c   Code   RO         7534    i.osThreadCreate    cmsis_os.o
    0x08010150   0x00000144   Code   RO          227    i.pid_absolute_update  pid.o
    0x08010294   0x00000022   Code   RO          231    i.pid_init_absolute  pid.o
    0x080102b6   0x00000002   PAD
    0x080102b8   0x00000070   Code   RO         1391    i.protocol_packet_pack  dma_unpack.o
    0x08010328   0x00000078   Code   RO         7166    i.prvAddCurrentTaskToDelayedList  tasks.o
    0x080103a0   0x00000088   Code   RO         7167    i.prvAddNewTaskToReadyList  tasks.o
    0x08010428   0x00000040   Code   RO         7168    i.prvCheckTasksWaitingTermination  tasks.o
    0x08010468   0x00000024   Code   RO         6835    i.prvCopyDataFromQueue  queue.o
    0x0801048c   0x0000006e   Code   RO         6836    i.prvCopyDataToQueue  queue.o
    0x080104fa   0x00000040   Code   RO         7169    i.prvDeleteTCB      tasks.o
    0x0801053a   0x00000002   PAD
    0x0801053c   0x0000004c   Code   RO         7862    i.prvHeapInit       heap_4.o
    0x08010588   0x00000028   Code   RO         7170    i.prvIdleTask       tasks.o
    0x080105b0   0x00000018   Code   RO         6839    i.prvInitialiseNewQueue  queue.o
    0x080105c8   0x0000007e   Code   RO         7171    i.prvInitialiseNewTask  tasks.o
    0x08010646   0x00000002   PAD
    0x08010648   0x00000060   Code   RO         7172    i.prvInitialiseTaskLists  tasks.o
    0x080106a8   0x0000005c   Code   RO         7863    i.prvInsertBlockIntoFreeList  heap_4.o
    0x08010704   0x0000001a   Code   RO         6840    i.prvIsQueueEmpty   queue.o
    0x0801071e   0x0000001e   Code   RO         6841    i.prvIsQueueFull    queue.o
    0x0801073c   0x00000024   Code   RO         7173    i.prvResetNextTaskUnblockTime  tasks.o
    0x08010760   0x00000030   Code   RO         7931    i.prvTaskExitError  port.o
    0x08010790   0x00000068   Code   RO         6842    i.prvUnlockQueue    queue.o
    0x080107f8   0x00000034   Code   RO         8668    i.pt1FilterInit     filter_1.o
    0x0801082c   0x000000e8   Code   RO         7864    i.pvPortMalloc      heap_4.o
    0x08010914   0x0000002c   Code   RO         7932    i.pxPortInitialiseStack  port.o
    0x08010940   0x0000003e   Code   RO         9209    i.sqrtf             m_wm.l(sqrtf.o)
    0x0801097e   0x00000002   PAD
    0x08010980   0x00000018   Code   RO         2212    i.uart1_dma_callback  usart.o
    0x08010998   0x00000002   Code   RO         2213    i.uart3_dma_m0_callback  usart.o
    0x0801099a   0x00000002   Code   RO         2214    i.uart3_dma_m1_callback  usart.o
    0x0801099c   0x00000002   Code   RO         2215    i.uart3_dma_m2_callback  usart.o
    0x0801099e   0x00000026   Code   RO         6795    i.uxListRemove      list.o
    0x080109c4   0x00000018   Code   RO         1828    i.vApplicationGetIdleTaskMemory  freertos.o
    0x080109dc   0x00000016   Code   RO         6796    i.vListInitialise   list.o
    0x080109f2   0x00000006   Code   RO         6797    i.vListInitialiseItem  list.o
    0x080109f8   0x00000036   Code   RO         6798    i.vListInsert       list.o
    0x08010a2e   0x00000018   Code   RO         6799    i.vListInsertEnd    list.o
    0x08010a46   0x00000002   PAD
    0x08010a48   0x00000040   Code   RO         7934    i.vPortEnterCritical  port.o
    0x08010a88   0x0000002c   Code   RO         7935    i.vPortExitCritical  port.o
    0x08010ab4   0x00000064   Code   RO         7865    i.vPortFree         heap_4.o
    0x08010b18   0x00000024   Code   RO         7936    i.vPortSetupTimerInterrupt  port.o
    0x08010b3c   0x00000054   Code   RO         7937    i.vPortValidateInterruptPriority  port.o
    0x08010b90   0x00000050   Code   RO         7182    i.vTaskDelay        tasks.o
    0x08010be0   0x00000010   Code   RO         7185    i.vTaskInternalSetTimeOutState  tasks.o
    0x08010bf0   0x0000000c   Code   RO         7186    i.vTaskMissedYield  tasks.o
    0x08010bfc   0x00000034   Code   RO         7188    i.vTaskPlaceOnEventList  tasks.o
    0x08010c30   0x00000088   Code   RO         7195    i.vTaskStartScheduler  tasks.o
    0x08010cb8   0x00000010   Code   RO         7197    i.vTaskSuspendAll   tasks.o
    0x08010cc8   0x00000060   Code   RO         7198    i.vTaskSwitchContext  tasks.o
    0x08010d28   0x00000040   Code   RO         1534    i.verify_crc16_check_sum  protcol.o
    0x08010d68   0x00000030   Code   RO         1535    i.verify_crc8_check_sum  protcol.o
    0x08010d98   0x00000104   Code   RO         7938    i.xPortStartScheduler  port.o
    0x08010e9c   0x00000044   Code   RO         6851    i.xQueueGenericCreate  queue.o
    0x08010ee0   0x00000070   Code   RO         6852    i.xQueueGenericCreateStatic  queue.o
    0x08010f50   0x00000090   Code   RO         6853    i.xQueueGenericReset  queue.o
    0x08010fe0   0x00000170   Code   RO         6854    i.xQueueGenericSend  queue.o
    0x08011150   0x000000be   Code   RO         6855    i.xQueueGenericSendFromISR  queue.o
    0x0801120e   0x00000002   PAD
    0x08011210   0x00000148   Code   RO         6861    i.xQueueReceive     queue.o
    0x08011358   0x0000009a   Code   RO         6862    i.xQueueReceiveFromISR  queue.o
    0x080113f2   0x00000002   PAD
    0x080113f4   0x00000080   Code   RO         7200    i.xTaskCheckForTimeOut  tasks.o
    0x08011474   0x0000006c   Code   RO         7201    i.xTaskCreate       tasks.o
    0x080114e0   0x00000060   Code   RO         7202    i.xTaskCreateStatic  tasks.o
    0x08011540   0x0000001c   Code   RO         7206    i.xTaskGetSchedulerState  tasks.o
    0x0801155c   0x000000d4   Code   RO         7209    i.xTaskIncrementTick  tasks.o
    0x08011630   0x0000009c   Code   RO         7212    i.xTaskPriorityDisinherit  tasks.o
    0x080116cc   0x00000078   Code   RO         7214    i.xTaskRemoveFromEventList  tasks.o
    0x08011744   0x000000cc   Code   RO         7215    i.xTaskResumeAll    tasks.o
    0x08011810   0x00000302   Data   RO         1536    .constdata          protcol.o
    0x08011b12   0x00000002   PAD
    0x08011b14   0x00000120   Data   RO         1830    .constdata          freertos.o
    0x08011c34   0x00000018   Data   RO         2957    .constdata          system_stm32f4xx.o
    0x08011c4c   0x00000008   Data   RO         4107    .constdata          stm32f4xx_hal_dma.o
    0x08011c54   0x00000030   Data   RO         8730    .constdata          ins_task.o
    0x08011c84   0x00000090   Data   RO         8894    .constdata          quaternionekf.o
    0x08011d14   0x00000020   Data   RO         9578    .constdata          m_wm.l(rredf.o)
    0x08011d34   0x00000047   Data   RO         1831    .conststring        freertos.o
    0x08011d7b   0x00000001   PAD
    0x08011d7c   0x00000020   Data   RO         9629    Region$$Table       anon$$obj.o


    Execution Region RW_IRAM1 (Base: 0x20000000, Size: 0x0000c7f8, Max: 0x00020000, ABSOLUTE, COMPRESSED[0x000001fc])

    Base Addr    Size         Type   Attr      Idx    E Section Name        Object

    0x20000000   0x00000027   Data   RW           21    .data               message.o
    0x20000027   0x00000001   PAD
    0x20000028   0x00000124   Data   RW          340    .data               holder.o
    0x2000014c   0x0000006a   Data   RW          516    .data               shoot.o
    0x200001b6   0x00000002   PAD
    0x200001b8   0x0000008f   Data   RW          927    .data               vision.o
    0x20000247   0x00000001   PAD
    0x20000248   0x00000010   Data   RW         1048    .data               judge.o
    0x20000258   0x00000004   Data   RW         1307    .data               judge_tx.o
    0x2000025c   0x00000001   Data   RW         1392    .data               dma_unpack.o
    0x2000025d   0x00000001   PAD
    0x2000025e   0x00000002   Data   RW         1537    .data               protcol.o
    0x20000260   0x00000050   Data   RW         1832    .data               freertos.o
    0x200002b0   0x0000002e   Data   RW         1922    .data               can.o
    0x200002de   0x00000008   Data   RW         2107    .data               tim.o
    0x200002e6   0x00000009   Data   RW         2219    .data               usart.o
    0x200002ef   0x00000001   PAD
    0x200002f0   0x0000004e   Data   RW         2608    .data               usbd_desc.o
    0x2000033e   0x00000002   PAD
    0x20000340   0x00000018   Data   RW         2682    .data               usbd_cdc_if.o
    0x20000358   0x00000004   Data   RW         2958    .data               system_stm32f4xx.o
    0x2000035c   0x0000000c   Data   RW         4529    .data               stm32f4xx_hal.o
    0x20000368   0x0000003c   Data   RW         7218    .data               tasks.o
    0x200003a4   0x00000020   Data   RW         7871    .data               heap_4.o
    0x200003c4   0x0000000c   Data   RW         7939    .data               port.o
    0x200003d0   0x00000001   Data   RW         8185    .data               usbd_ctlreq.o
    0x200003d1   0x00000003   PAD
    0x200003d4   0x00000053   Data   RW         8344    .data               usbd_cdc.o
    0x20000427   0x00000001   PAD
    0x20000428   0x00000038   Data   RW         8345    .data               usbd_cdc.o
    0x20000460   0x00000048   Data   RW         8445    .data               bmi088driver_1.o
    0x200004a8   0x00000004   Data   RW         8536    .data               bmi088middleware_1.o
    0x200004ac   0x00000004   PAD
    0x200004b0   0x00000040   Data   RW         8594    .data               bsp_dwt_1.o
    0x200004f0   0x0000005c   Data   RW         8731    .data               ins_task.o
    0x2000054c   0x00000004   Data   RW         8815    .data               kalman_filter.o
    0x20000550   0x000000d4   Data   RW         8895    .data               quaternionekf.o
    0x20000624   0x00000004   Data   RW         9603    .data               mc_w.l(mvars.o)
    0x20000628   0x00000004   Data   RW         9604    .data               mc_w.l(mvars.o)
    0x2000062c   0x00000004   Data   RW         9608    .data               mc_w.l(errno.o)
    0x20000630   0x00000040   Zero   RW           20    .bss                message.o
    0x20000670   0x00000474   Zero   RW          339    .bss                holder.o
    0x20000ae4   0x000002ec   Zero   RW          515    .bss                shoot.o
    0x20000dd0   0x000000f4   Zero   RW          926    .bss                vision.o
    0x20000ec4   0x000002fc   Zero   RW         1047    .bss                judge.o
    0x200011c0   0x0000008d   Zero   RW         1132    .bss                judge_rx.o
    0x2000124d   0x000000ca   Zero   RW         1306    .bss                judge_tx.o
    0x20001317   0x00000001   PAD
    0x20001318   0x000002a4   Zero   RW         1829    .bss                freertos.o
    0x200015bc   0x00000080   Zero   RW         1921    .bss                can.o
    0x2000163c   0x0000000c   Zero   RW         2022    .bss                iwdg.o
    0x20001648   0x00000058   Zero   RW         2054    .bss                spi.o
    0x200016a0   0x00000158   Zero   RW         2106    .bss                tim.o
    0x200017f8   0x00000bc8   Zero   RW         2218    .bss                usart.o
    0x200023c0   0x000002dc   Zero   RW         2361    .bss                usb_device.o
    0x2000269c   0x0000072c   Zero   RW         2422    .bss                usbd_conf.o
    0x20002dc8   0x00000200   Zero   RW         2607    .bss                usbd_desc.o
    0x20002fc8   0x000010c8   Zero   RW         2681    .bss                usbd_cdc_if.o
    0x20004090   0x00000048   Zero   RW         2919    .bss                stm32f4xx_hal_timebase_tim.o
    0x200040d8   0x000000f0   Zero   RW         7217    .bss                tasks.o
    0x200041c8   0x00004268   Zero   RW         7870    .bss                heap_4.o
    0x20008430   0x000000b8   Zero   RW         8444    .bss                bmi088driver_1.o
    0x200084e8   0x0000009c   Zero   RW         8729    .bss                ins_task.o
    0x20008584   0x00000004   PAD
    0x20008588   0x00000270   Zero   RW         8893    .bss                quaternionekf.o
    0x200087f8   0x00002000   Zero   RW            2    HEAP                startup_stm32f407xx.o
    0x2000a7f8   0x00002000   Zero   RW            1    STACK               startup_stm32f407xx.o


==============================================================================

Image component sizes


      Code (inc. data)   RO Data    RW Data    ZI Data      Debug   Object Name

       400         32          0          0          0       4318   assist_fun.o
      2958        196          0         72        184      11073   bmi088driver_1.o
       116         26          0          4          0       3404   bmi088middleware_1.o
       580        112          0         64          0       4790   bsp_dwt_1.o
      1848        210          0         46        128       6998   can.o
       460         10          0          0          0      31323   cmsis_os.o
       210          0          0          0          0       4347   data_fifo.o
       120          6          0          0          0        818   dma.o
       734         16          0          1          0       4182   dma_unpack.o
         0          0          0          0          0      18544   event_groups.o
       402         22          0          0          0       3078   filter_1.o
       848        132        359         80        676       7789   freertos.o
       344         18          0          0          0       1099   gpio.o
       500         30          0         32      17000       7615   heap_4.o
      3956        484          0        292       1140      30911   holder.o
         0          0          0          0          0        376   imu_hi.o
      1616        108         48         92        156       7855   ins_task.o
        40          8          0          0         12        695   iwdg.o
       428         70          0         16        764       4352   judge.o
       688         76          0          0        141       8550   judge_rx.o
        76         18          0          4        202       2858   judge_tx.o
      3160         26          0          4          0       9059   kalman_filter.o
       144          0          0          0          0       3642   list.o
       538         64          0          0          0       7588   main.o
      1016         88          0         39         64     727025   message.o
        38          0          0          0          0        881   motor.o
       358         10          0          0          0       3454   pid.o
       814         92          0         12          0      12113   port.o
       286         18        770          2          0       4670   protcol.o
      4156        234        144        212        624       8130   quaternionekf.o
      1694         18          0          0          0      18285   queue.o
      2174        244          0        106        748      31231   shoot.o
       208         24          0          0         88       1665   spi.o
        36          8        392          0      16384        844   startup_stm32f407xx.o
       120         20          0         12          0       8762   stm32f4xx_hal.o
      2054          6          0          0          0      15597   stm32f4xx_hal_can.o
       168         12          0          0          0      32874   stm32f4xx_hal_cortex.o
      1360         24          8          0          0       8393   stm32f4xx_hal_dma.o
      3014        104          0          0          0       4328   stm32f4xx_hal_dma_ex.o
       542         18          0          0          0       2392   stm32f4xx_hal_gpio.o
       114          0          0          0          0       1923   stm32f4xx_hal_iwdg.o
        84          6          0          0          0        854   stm32f4xx_hal_msp.o
      2836         12          0          0          0      14468   stm32f4xx_hal_pcd.o
        84          0          0          0          0       2545   stm32f4xx_hal_pcd_ex.o
      1782        112          0          0          0       7217   stm32f4xx_hal_rcc.o
      1010         14          0          0          0       4777   stm32f4xx_hal_spi.o
      2096         56          0          0          0      16872   stm32f4xx_hal_tim.o
       236          0          0          0          0       3445   stm32f4xx_hal_tim_ex.o
       180         20          0          0         72       1459   stm32f4xx_hal_timebase_tim.o
      2166         22          0          0          0      16910   stm32f4xx_hal_uart.o
       356        116          0          0          0      11364   stm32f4xx_it.o
      3186        100          0          0          0      25087   stm32f4xx_ll_usb.o
        28          4         24          4          0       1155   system_stm32f4xx.o
      2142        186          0         60        240      26416   tasks.o
      1032         98          0          8        344       7310   tim.o
      1576        200          0          9       3016      11101   usart.o
        76         16          0          0        732        764   usb_device.o
      1446         40          0        139          0      14713   usbd_cdc.o
       240         32          0         24       4296       4237   usbd_cdc_if.o
      1004         24          0          0       1836      16636   usbd_conf.o
      1042          0          0          0          0      16349   usbd_core.o
      1904         28          0          1          0      18000   usbd_ctlreq.o
       386        122          0         78        512       6585   usbd_desc.o
       132          0          0          0          0       4588   usbd_ioreq.o
      1808        244          0        143        244      23568   vision.o

    ----------------------------------------------------------------------
     65228       4036       1780       1572      49608    1324251   Object Totals
         0          0         32          0          0          0   (incl. Generated)
        78          0          3         16          5          0   (incl. Padding)

    ----------------------------------------------------------------------

      Code (inc. data)   RO Data    RW Data    ZI Data      Debug   Library Member Name

       148          0          0          0          0       1719   arm_mat_add_f32.o
         8          0          0          0          0        841   arm_mat_init_f32.o
       732          0          0          0          0       3257   arm_mat_inverse_f32.o
       376          0          0          0          0       2510   arm_mat_mult_f32.o
       148          0          0          0          0       1719   arm_mat_sub_f32.o
       178          0          0          0          0       1815   arm_mat_trans_f32.o
       280         46          0          0          0        176   acosf.o
       300         42          0          0          0        176   asinf.o
       592         90          0          0          0        184   atan2f.o
       336         56          0          0          0        136   cosf.o
        38          0          0          0          0        116   fpclassifyf.o
        44         12          0          0          0        464   funder.o
       340         24         32          0          0        160   rredf.o
       400         56          0          0          0        212   sinf.o
       120          0          0          0          0        272   sqrtf.o
        86          0          0          0          0          0   __dczerorl2.o
         0          0          0          0          0          0   entry.o
         0          0          0          0          0          0   entry10a.o
         0          0          0          0          0          0   entry11a.o
         8          4          0          0          0          0   entry2.o
         4          0          0          0          0          0   entry5.o
         0          0          0          0          0          0   entry7b.o
         0          0          0          0          0          0   entry8b.o
         8          4          0          0          0          0   entry9a.o
        12          6          0          4          0         68   errno.o
        30          0          0          0          0          0   handlers.o
        36          8          0          0          0         68   init.o
         0          0          0          0          0          0   iusefp.o
        30          0          0          0          0         68   llshl.o
        36          0          0          0          0         68   llsshr.o
        32          0          0          0          0         68   llushr.o
       108         16          0          0          0         84   malloc.o
        36          0          0          0          0         68   memcpya.o
        36          0          0          0          0        108   memseta.o
         0          0          0          8          0          0   mvars.o
        98          0          0          0          0         92   uldiv.o
       334          0          0          0          0        148   dadd.o
       186          0          0          0          0        176   depilogue.o
        62          0          0          0          0         80   dfixi.o
        34          0          0          0          0         76   dflti.o
       228          0          0          0          0         96   dmul.o
       176          0          0          0          0        140   fadd.o
        28          0          0          0          0         68   fcmpeq.o
        28          0          0          0          0         68   fcmpgt.o
        28          0          0          0          0         68   fcmple.o
        28          0          0          0          0         68   fcmplt.o
       124          0          0          0          0         88   fdiv.o
       110          0          0          0          0        168   fepilogue.o
       100          0          0          0          0         76   fmul.o

    ----------------------------------------------------------------------
      6076        364         32         12          0      15769   Library Totals
        10          0          0          0          0          0   (incl. Padding)

    ----------------------------------------------------------------------

      Code (inc. data)   RO Data    RW Data    ZI Data      Debug   Library Name

      1590          0          0          0          0      11861   arm_cortexM4l_math.lib
      2450        326         32          0          0       1896   m_wm.l
       560         38          0         12          0        692   mc_w.l
      1466          0          0          0          0       1320   mf_w.l

    ----------------------------------------------------------------------
      6076        364         32         12          0      15769   Library Totals

    ----------------------------------------------------------------------

==============================================================================


      Code (inc. data)   RO Data    RW Data    ZI Data      Debug   

     71304       4400       1812       1584      49608    1287984   Grand Totals
     71304       4400       1812        508      49608    1287984   ELF Image Totals (compressed)
     71304       4400       1812        508          0          0   ROM Totals

==============================================================================

    Total RO  Size (Code + RO Data)                73116 (  71.40kB)
    Total RW  Size (RW Data + ZI Data)             51192 (  49.99kB)
    Total ROM Size (Code + RO Data + RW Data)      73624 (  71.90kB)

==============================================================================

