<html>
<body>
<pre>
<h1>µVision Build Log</h1>
<h2>Tool Versions:</h2>
IDE-Version: ¦ÌVision V5.14.0.0
Copyright (C) 2015 ARM Ltd and ARM Germany GmbH. All rights reserved.
License Information: Mao Mao, Mao, LIC=32B1Q-N3QF6-Y81FK-Z5XYL-9BMKC-H5EJB
 
Tool Versions:
Toolchain:       MDK-ARM Plus  Version: 5.14.0.0
Toolchain Path:  D:\ARM\ARMCC\Bin
C Compiler:      Armcc.exe V5.05 update 1 (build 106)
Assembler:       Armasm.exe V5.05 update 1 (build 106)
Linker/Locator:  ArmLink.exe V5.05 update 1 (build 106)
Library Manager: ArmAr.exe V5.05 update 1 (build 106)
Hex Converter:   FromElf.exe V5.05 update 1 (build 106)
CPU DLL:         SARMCM3.DLL V5.14.0.0
Dialog DLL:      DCM.DLL V1.13.1.0
Target DLL:      CMSIS_AGDI.dll V1.21.0.0
Dialog DLL:      TCM.DLL V1.14.4.0
 
<h2>Project:</h2>
C:\Users\Mao\Desktop\FYT\`Sentry_UpHolder_2024\MDK-ARM\CAN_Mes.uvprojx
Project File Date:  08/05/2024

<h2>Output:</h2>
Build target 'CAN_Mes'
compiling Vision.c...
linking...
Program Size: Code=71304 RO-data=1812 RW-data=1584 ZI-data=49608  
FromELF: creating hex file...
"CAN_Mes\CAN_Mes.axf" - 0 Error(s), 0 Warning(s).

<h2>Collection of Component include folders:</h2>
  C:\Users\Mao\Desktop\FYT\`Sentry_UpHolder_2024\MDK-ARM\RTE
  D:\ARM\PACK\Keil\STM32F4xx_DFP\2.16.0

<h2>Collection of Component Files used:</h2>
</pre>
</body>
</html>
